Product: MDK-ARM Professional 5.10
Component: ARM Compiler 5.04 update 1 (build 49)
Tool: armlink [5040049]

==============================================================================

Section Cross References

    startup_cmsdk_cm0.o(STACK) refers (Special) to heapauxi.o(.text) for __use_two_region_memory
    startup_cmsdk_cm0.o(HEAP) refers (Special) to heapauxi.o(.text) for __use_two_region_memory
    startup_cmsdk_cm0.o(RESET) refers (Special) to heapauxi.o(.text) for __use_two_region_memory
    startup_cmsdk_cm0.o(RESET) refers to startup_cmsdk_cm0.o(STACK) for __initial_sp
    startup_cmsdk_cm0.o(RESET) refers to startup_cmsdk_cm0.o(.text) for Reset_Handler
    startup_cmsdk_cm0.o(RESET) refers to per_ex_hard_fault.o(.text) for HardFault_Handler
    startup_cmsdk_cm0.o(RESET) refers to pwm.o(.text) for SWTIM_Handler
    startup_cmsdk_cm0.o(RESET) refers to wkupct_quadec.o(.text) for WKUP_QUADEC_Handler
    startup_cmsdk_cm0.o(.text) refers (Special) to heapauxi.o(.text) for __use_two_region_memory
    startup_cmsdk_cm0.o(.text) refers to system_cmsdk.o(.text) for SystemInit
    startup_cmsdk_cm0.o(.text) refers to __main.o(!!!main) for __main
    startup_cmsdk_cm0.o(.text) refers to startup_cmsdk_cm0.o(HEAP) for Heap_Mem
    startup_cmsdk_cm0.o(.text) refers to startup_cmsdk_cm0.o(STACK) for Stack_Mem
    system_cmsdk.o(.text) refers to system_cmsdk.o(.data) for SystemCoreClock
    peripherals.o(.text) refers to gpio.o(i.GPIO_ConfigurePin) for GPIO_ConfigurePin
    peripherals.o(.text) refers to uart.o(.text) for uart_initialization
    i2c_eeprom.o(.text) refers to i2c_eeprom.o(.data) for mem_address_size
    spi.o(.text) refers to gpio.o(i.GPIO_SetInactive) for GPIO_SetInactive
    spi.o(.text) refers to gpio.o(i.GPIO_SetActive) for GPIO_SetActive
    spi.o(.text) refers to spi.o(.data) for spi_driver_cs_pad
    spi_flash.o(.text) refers to spi.o(.text) for spi_set_bitmode
    spi_flash.o(.text) refers to aeabi_sdiv.o(.text) for __aeabi_uidivmod
    spi_flash.o(.text) refers to spi_flash.o(.data) for spi_flash_size
    eeprom_test.o(.text) refers to i2c_eeprom.o(.text) for i2c_eeprom_init
    eeprom_test.o(.text) refers to uart.o(.text) for printf_string
    eeprom_test.o(.text) refers to eeprom_test.o(.conststring) for .conststring
    spi_test.o(.text) refers to spi_flash.o(.text) for spi_flash_init
    spi_test.o(.text) refers to spi.o(.text) for spi_init
    spi_test.o(.text) refers to uart.o(.text) for printf_string
    spi_test.o(.text) refers to spi_test.o(.data) for spi_FLASH_CS_Pad
    spi_test.o(.text) refers to spi_test.o(.bss) for rd_data
    battery.o(.text) refers to fflti.o(.text) for __aeabi_i2f
    battery.o(.text) refers to fdiv.o(.text) for __aeabi_fdiv
    battery.o(.text) refers to fmul.o(x$fpl$fmul) for __aeabi_fmul
    battery.o(.text) refers to ffixui.o(.text) for __aeabi_f2uiz
    battery.o(.text) refers to aeabi_sdiv.o(.text) for __aeabi_idivmod
    battery.o(.text) refers to adc.o(.text) for adc_init
    battery.o(.text) refers to battery.o(.data) for dbg_adc
    battery.o(.text) refers to battery.o(retention_mem_area0) for old_batt_level
    da14580_examples.o(.text) refers to uart.o(.text) for printf_string
    da14580_examples.o(.text) refers to battery.o(.text) for battery_get_lvl
    da14580_examples.o(.text) refers to peripherals.o(.text) for periph_init
    da14580_examples.o(.text) refers to quad_decoder_test.o(.text) for quad_decoder_test
    da14580_examples.o(.text) refers to pwm_test.o(.text) for timer0_test
    da14580_examples.o(.text) refers to da14580_examples.o(.conststring) for .conststring
    quad_decoder_test.o(.text) refers to wkupct_quadec.o(i.quad_decoder_enable_irq) for quad_decoder_enable_irq
    quad_decoder_test.o(.text) refers to wkupct_quadec.o(.text) for wkupct_enable_irq
    quad_decoder_test.o(.text) refers to gpio.o(i.GPIO_ConfigurePin) for GPIO_ConfigurePin
    quad_decoder_test.o(.text) refers to uart.o(.text) for printf_string
    quad_decoder_test.o(.text) refers to wkupct_quadec.o(i.wkupct_register_callback) for wkupct_register_callback
    quad_decoder_test.o(.text) refers to wkupct_quadec.o(i.quad_decoder_get_x_counter) for quad_decoder_get_x_counter
    quad_decoder_test.o(.text) refers to quad_decoder_test.o(.data) for qdec_xcnt
    quad_decoder_test.o(.text) refers to quad_decoder_test.o(.constdata) for .constdata
    wkupct_quadec.o(.text) refers to wkupct_quadec.o(i.quad_decoder_disable_irq) for quad_decoder_disable_irq
    wkupct_quadec.o(.text) refers to wkupct_quadec.o(retention_mem_area0) for wkupct_quad_IRQ_status
    pwm_test.o(.text) refers to pwm.o(i.timer0_set_pwm_on_counter) for timer0_set_pwm_on_counter
    pwm_test.o(.text) refers to aeabi_sdiv.o(.text) for __aeabi_idivmod
    pwm_test.o(.text) refers to pwm.o(i.timer0_set_pwm_high_counter) for timer0_set_pwm_high_counter
    pwm_test.o(.text) refers to pwm.o(i.timer0_set_pwm_low_counter) for timer0_set_pwm_low_counter
    pwm_test.o(.text) refers to uart.o(.text) for printf_string
    pwm_test.o(.text) refers to sw_cursor.o(.text) for set_sw_cursor
    pwm_test.o(.text) refers to pwm.o(i.set_tmr_enable) for set_tmr_enable
    pwm_test.o(.text) refers to pwm.o(i.set_tmr_div) for set_tmr_div
    pwm_test.o(.text) refers to pwm.o(.text) for timer0_init
    pwm_test.o(.text) refers to pwm.o(i.timer0_register_callback) for timer0_register_callback
    pwm_test.o(.text) refers to pwm.o(i.timer0_start) for timer0_start
    pwm_test.o(.text) refers to pwm.o(i.timer0_stop) for timer0_stop
    pwm_test.o(.text) refers to gpio.o(i.GPIO_ConfigurePin) for GPIO_ConfigurePin
    pwm_test.o(.text) refers to pwm.o(i.timer2_set_pwm2_duty_cycle) for timer2_set_pwm2_duty_cycle
    pwm_test.o(.text) refers to pwm.o(i.timer2_set_pwm3_duty_cycle) for timer2_set_pwm3_duty_cycle
    pwm_test.o(.text) refers to pwm.o(i.timer2_set_pwm4_duty_cycle) for timer2_set_pwm4_duty_cycle
    pwm_test.o(.text) refers to pwm.o(i.timer2_set_sw_pause) for timer2_set_sw_pause
    pwm_test.o(.text) refers to pwm.o(i.timer2_stop) for timer2_stop
    pwm_test.o(.text) refers to pwm_test.o(.data) for n
    pwm_test.o(.text) refers to pwm_test.o(.constdata) for notes
    pwm_test.o(.text) refers to pwm_test.o(.conststring) for .conststring
    pwm.o(.text) refers to pwm.o(i.timer2_enable) for timer2_enable
    pwm.o(.text) refers to pwm.o(i.timer2_set_hw_pause) for timer2_set_hw_pause
    pwm.o(.text) refers to pwm.o(i.timer2_set_sw_pause) for timer2_set_sw_pause
    pwm.o(.text) refers to pwm.o(i.timer2_set_pwm_frequency) for timer2_set_pwm_frequency
    pwm.o(.text) refers to pwm.o(.ARM.__AT_0x50003400) for timer0_ctrl_reg
    pwm.o(.text) refers to pwm.o(.data) for TIMER0_callback
    sw_cursor.o(.text) refers to gpio.o(i.GPIO_SetActive) for GPIO_SetActive
    sw_cursor.o(.text) refers to gpio.o(i.GPIO_SetInactive) for GPIO_SetInactive
    __main.o(!!!main) refers to rtentry.o(.ARM.Collect$$rtentry$$00000000) for __rt_entry
    fdiv.o(.text) refers (Special) to usenofp.o(x$fpl$usenofp) for __I$use$fp
    fdiv.o(.text) refers to fdiv.o(.constdata) for .constdata
    fdiv.o(.constdata) refers (Special) to usenofp.o(x$fpl$usenofp) for __I$use$fp
    ffixui.o(.text) refers (Special) to usenofp.o(x$fpl$usenofp) for __I$use$fp
    fflti.o(.text) refers (Special) to usenofp.o(x$fpl$usenofp) for __I$use$fp
    fmul.o(x$fpl$fmul) refers (Special) to usenofp.o(x$fpl$usenofp) for __I$use$fp
    rtentry.o(.ARM.Collect$$rtentry$$00000000) refers (Special) to rtentry2.o(.ARM.Collect$$rtentry$$0000000A) for __rt_entry_li
    rtentry.o(.ARM.Collect$$rtentry$$00000000) refers (Special) to rtentry2.o(.ARM.Collect$$rtentry$$0000000D) for __rt_entry_main
    rtentry.o(.ARM.Collect$$rtentry$$00000000) refers (Special) to rtentry2.o(.ARM.Collect$$rtentry$$0000000C) for __rt_entry_postli_1
    rtentry.o(.ARM.Collect$$rtentry$$00000000) refers (Special) to rtentry2.o(.ARM.Collect$$rtentry$$00000009) for __rt_entry_postsh_1
    rtentry.o(.ARM.Collect$$rtentry$$00000000) refers (Special) to rtentry2.o(.ARM.Collect$$rtentry$$00000002) for __rt_entry_presh_1
    rtentry.o(.ARM.Collect$$rtentry$$00000000) refers (Special) to rtentry4.o(.ARM.Collect$$rtentry$$00000004) for __rt_entry_sh
    aeabi_idiv0_sigfpe.o(.text) refers to rt_div0.o(.text) for __rt_div0
    rtentry2.o(.ARM.Collect$$rtentry$$00000008) refers to boardinit2.o(.text) for _platform_post_stackheap_init
    rtentry2.o(.ARM.Collect$$rtentry$$0000000A) refers to libinit.o(.ARM.Collect$$libinit$$00000000) for __rt_lib_init
    rtentry2.o(.ARM.Collect$$rtentry$$0000000B) refers to boardinit3.o(.text) for _platform_post_lib_init
    rtentry2.o(.ARM.Collect$$rtentry$$0000000D) refers to da14580_examples.o(.text) for main
    rtentry2.o(.ARM.Collect$$rtentry$$0000000D) refers to exit.o(.text) for exit
    rtentry2.o(.ARM.exidx) refers to rtentry2.o(.ARM.Collect$$rtentry$$00000001) for .ARM.Collect$$rtentry$$00000001
    rtentry2.o(.ARM.exidx) refers to rtentry2.o(.ARM.Collect$$rtentry$$00000008) for .ARM.Collect$$rtentry$$00000008
    rtentry2.o(.ARM.exidx) refers to rtentry2.o(.ARM.Collect$$rtentry$$0000000A) for .ARM.Collect$$rtentry$$0000000A
    rtentry2.o(.ARM.exidx) refers to rtentry2.o(.ARM.Collect$$rtentry$$0000000B) for .ARM.Collect$$rtentry$$0000000B
    rtentry2.o(.ARM.exidx) refers to rtentry2.o(.ARM.Collect$$rtentry$$0000000D) for .ARM.Collect$$rtentry$$0000000D
    rtentry4.o(.ARM.Collect$$rtentry$$00000004) refers to sys_stackheap_outer.o(.text) for __user_setup_stackheap
    rtentry4.o(.ARM.exidx) refers to rtentry4.o(.ARM.Collect$$rtentry$$00000004) for .ARM.Collect$$rtentry$$00000004
    rt_div0.o(.text) refers to defsig_fpe_outer.o(.text) for __rt_SIGFPE
    sys_stackheap_outer.o(.text) refers to libspace.o(.text) for __user_perproc_libspace
    sys_stackheap_outer.o(.text) refers to startup_cmsdk_cm0.o(.text) for __user_initial_stackheap
    sys_stackheap_outer.o(__vectab_stack_and_reset_area) refers to tempstk.o(.text) for __temporary_stack_top
    sys_stackheap_outer.o(__vectab_stack_and_reset_area) refers to __main.o(!!!main) for __main
    exit.o(.text) refers to rtexit.o(.ARM.Collect$$rtexit$$00000000) for __rt_exit
    defsig_fpe_outer.o(.text) refers to defsig_fpe_inner.o(.text) for __rt_SIGFPE_inner
    defsig_fpe_outer.o(.text) refers to defsig_exit.o(.text) for __sig_exit
    defsig_fpe_formal.o(.text) refers to rt_raise.o(.text) for __rt_raise
    libinit.o(.ARM.Collect$$libinit$$00000000) refers (Special) to libinit2.o(.ARM.Collect$$libinit$$0000002C) for __rt_lib_init_alloca_1
    libinit.o(.ARM.Collect$$libinit$$00000000) refers (Special) to libinit2.o(.ARM.Collect$$libinit$$0000002A) for __rt_lib_init_argv_1
    libinit.o(.ARM.Collect$$libinit$$00000000) refers (Special) to libinit2.o(.ARM.Collect$$libinit$$00000019) for __rt_lib_init_atexit_1
    libinit.o(.ARM.Collect$$libinit$$00000000) refers (Special) to libinit2.o(.ARM.Collect$$libinit$$0000001F) for __rt_lib_init_clock_1
    libinit.o(.ARM.Collect$$libinit$$00000000) refers (Special) to libinit2.o(.ARM.Collect$$libinit$$00000030) for __rt_lib_init_cpp_1
    libinit.o(.ARM.Collect$$libinit$$00000000) refers (Special) to libinit2.o(.ARM.Collect$$libinit$$0000002E) for __rt_lib_init_exceptions_1
    libinit.o(.ARM.Collect$$libinit$$00000000) refers (Special) to libinit2.o(.ARM.Collect$$libinit$$00000001) for __rt_lib_init_fp_1
    libinit.o(.ARM.Collect$$libinit$$00000000) refers (Special) to libinit2.o(.ARM.Collect$$libinit$$0000001D) for __rt_lib_init_fp_trap_1
    libinit.o(.ARM.Collect$$libinit$$00000000) refers (Special) to libinit2.o(.ARM.Collect$$libinit$$00000021) for __rt_lib_init_getenv_1
    libinit.o(.ARM.Collect$$libinit$$00000000) refers (Special) to libinit2.o(.ARM.Collect$$libinit$$00000008) for __rt_lib_init_heap_1
    libinit.o(.ARM.Collect$$libinit$$00000000) refers (Special) to libinit2.o(.ARM.Collect$$libinit$$0000000F) for __rt_lib_init_lc_collate_1
    libinit.o(.ARM.Collect$$libinit$$00000000) refers (Special) to libinit2.o(.ARM.Collect$$libinit$$00000011) for __rt_lib_init_lc_ctype_1
    libinit.o(.ARM.Collect$$libinit$$00000000) refers (Special) to libinit2.o(.ARM.Collect$$libinit$$00000013) for __rt_lib_init_lc_monetary_1
    libinit.o(.ARM.Collect$$libinit$$00000000) refers (Special) to libinit2.o(.ARM.Collect$$libinit$$00000015) for __rt_lib_init_lc_numeric_1
    libinit.o(.ARM.Collect$$libinit$$00000000) refers (Special) to libinit2.o(.ARM.Collect$$libinit$$00000017) for __rt_lib_init_lc_time_1
    libinit.o(.ARM.Collect$$libinit$$00000000) refers (Special) to libinit2.o(.ARM.Collect$$libinit$$0000000C) for __rt_lib_init_rand_1
    libinit.o(.ARM.Collect$$libinit$$00000000) refers (Special) to libinit2.o(.ARM.Collect$$libinit$$00000031) for __rt_lib_init_return
    libinit.o(.ARM.Collect$$libinit$$00000000) refers (Special) to libinit2.o(.ARM.Collect$$libinit$$0000001B) for __rt_lib_init_signal_1
    libinit.o(.ARM.Collect$$libinit$$00000000) refers (Special) to libinit2.o(.ARM.Collect$$libinit$$00000023) for __rt_lib_init_stdio_1
    libinit.o(.ARM.Collect$$libinit$$00000000) refers (Special) to libinit2.o(.ARM.Collect$$libinit$$0000000A) for __rt_lib_init_user_alloc_1
    libspace.o(.text) refers to libspace.o(.bss) for __libspace_start
    rtexit.o(.ARM.Collect$$rtexit$$00000000) refers (Special) to rtexit2.o(.ARM.Collect$$rtexit$$00000004) for __rt_exit_exit
    rtexit.o(.ARM.Collect$$rtexit$$00000000) refers (Special) to rtexit2.o(.ARM.Collect$$rtexit$$00000003) for __rt_exit_ls
    rtexit.o(.ARM.Collect$$rtexit$$00000000) refers (Special) to rtexit2.o(.ARM.Collect$$rtexit$$00000002) for __rt_exit_prels_1
    rtexit.o(.ARM.exidx) refers (Special) to rtexit2.o(.ARM.Collect$$rtexit$$00000004) for __rt_exit_exit
    rtexit.o(.ARM.exidx) refers (Special) to rtexit2.o(.ARM.Collect$$rtexit$$00000003) for __rt_exit_ls
    rtexit.o(.ARM.exidx) refers (Special) to rtexit2.o(.ARM.Collect$$rtexit$$00000002) for __rt_exit_prels_1
    rtexit.o(.ARM.exidx) refers to rtexit.o(.ARM.Collect$$rtexit$$00000000) for .ARM.Collect$$rtexit$$00000000
    rt_raise.o(.text) refers to __raise.o(.text) for __raise
    rt_raise.o(.text) refers to sys_exit.o(.text) for _sys_exit
    defsig_exit.o(.text) refers to sys_exit.o(.text) for _sys_exit
    defsig_fpe_inner.o(.text) refers to defsig_general.o(.text) for __default_signal_display
    libinit2.o(.ARM.Collect$$libinit$$0000000E) refers to libinit2.o(.ARM.Collect$$libinit$$0000000D) for .ARM.Collect$$libinit$$0000000D
    libinit2.o(.ARM.Collect$$libinit$$00000010) refers to libinit2.o(.ARM.Collect$$libinit$$0000000D) for .ARM.Collect$$libinit$$0000000D
    libinit2.o(.ARM.Collect$$libinit$$00000012) refers to libinit2.o(.ARM.Collect$$libinit$$0000000D) for .ARM.Collect$$libinit$$0000000D
    libinit2.o(.ARM.Collect$$libinit$$00000014) refers to libinit2.o(.ARM.Collect$$libinit$$0000000D) for .ARM.Collect$$libinit$$0000000D
    libinit2.o(.ARM.Collect$$libinit$$00000016) refers to libinit2.o(.ARM.Collect$$libinit$$0000000D) for .ARM.Collect$$libinit$$0000000D
    libinit2.o(.ARM.Collect$$libinit$$00000024) refers to argv_veneer.o(.text) for __ARM_argv_veneer
    libinit2.o(.ARM.Collect$$libinit$$00000025) refers to argv_veneer.o(.text) for __ARM_argv_veneer
    sys_exit.o(.text) refers (Special) to use_no_semi.o(.text) for __I$use$semihosting
    sys_exit.o(.text) refers (Special) to indicate_semi.o(.text) for __semihosting_library_function
    rtexit2.o(.ARM.Collect$$rtexit$$00000003) refers to libshutdown.o(.ARM.Collect$$libshutdown$$00000000) for __rt_lib_shutdown
    rtexit2.o(.ARM.Collect$$rtexit$$00000004) refers to sys_exit.o(.text) for _sys_exit
    rtexit2.o(.ARM.exidx) refers to rtexit2.o(.ARM.Collect$$rtexit$$00000001) for .ARM.Collect$$rtexit$$00000001
    rtexit2.o(.ARM.exidx) refers to rtexit2.o(.ARM.Collect$$rtexit$$00000003) for .ARM.Collect$$rtexit$$00000003
    rtexit2.o(.ARM.exidx) refers to rtexit2.o(.ARM.Collect$$rtexit$$00000004) for .ARM.Collect$$rtexit$$00000004
    __raise.o(.text) refers to defsig.o(CL$$defsig) for __default_signal_handler
    defsig_general.o(.text) refers to sys_wrch.o(.text) for _ttywrch
    sys_wrch.o(.text) refers (Special) to use_no_semi.o(.text) for __I$use$semihosting
    sys_wrch.o(.text) refers (Special) to indicate_semi.o(.text) for __semihosting_library_function
    defsig.o(CL$$defsig) refers to defsig_fpe_inner.o(.text) for __rt_SIGFPE_inner
    defsig.o(CL$$defsig) refers to defsig_rtmem_inner.o(.text) for __rt_SIGRTMEM_inner
    _get_argv_nomalloc.o(.text) refers (Special) to hrguard.o(.text) for __heap_region$guard
    _get_argv_nomalloc.o(.text) refers to defsig_rtmem_outer.o(.text) for __rt_SIGRTMEM
    _get_argv_nomalloc.o(.text) refers to sys_command.o(.text) for _sys_command_string
    libshutdown.o(.ARM.Collect$$libshutdown$$00000000) refers (Special) to libshutdown2.o(.ARM.Collect$$libshutdown$$00000006) for __rt_lib_shutdown_fp_trap_1
    libshutdown.o(.ARM.Collect$$libshutdown$$00000000) refers (Special) to libshutdown2.o(.ARM.Collect$$libshutdown$$0000000E) for __rt_lib_shutdown_heap_1
    libshutdown.o(.ARM.Collect$$libshutdown$$00000000) refers (Special) to libshutdown2.o(.ARM.Collect$$libshutdown$$0000000F) for __rt_lib_shutdown_return
    libshutdown.o(.ARM.Collect$$libshutdown$$00000000) refers (Special) to libshutdown2.o(.ARM.Collect$$libshutdown$$00000009) for __rt_lib_shutdown_signal_1
    libshutdown.o(.ARM.Collect$$libshutdown$$00000000) refers (Special) to libshutdown2.o(.ARM.Collect$$libshutdown$$00000003) for __rt_lib_shutdown_stdio_1
    libshutdown.o(.ARM.Collect$$libshutdown$$00000000) refers (Special) to libshutdown2.o(.ARM.Collect$$libshutdown$$0000000B) for __rt_lib_shutdown_user_alloc_1
    sys_command.o(.text) refers (Special) to use_no_semi.o(.text) for __I$use$semihosting
    sys_command.o(.text) refers (Special) to indicate_semi.o(.text) for __semihosting_library_function
    defsig_abrt_inner.o(.text) refers to defsig_general.o(.text) for __default_signal_display
    defsig_rtred_inner.o(.text) refers to defsig_general.o(.text) for __default_signal_display
    defsig_rtmem_inner.o(.text) refers to defsig_general.o(.text) for __default_signal_display
    defsig_rtmem_outer.o(.text) refers to defsig_rtmem_inner.o(.text) for __rt_SIGRTMEM_inner
    defsig_rtmem_outer.o(.text) refers to defsig_exit.o(.text) for __sig_exit
    defsig_rtmem_formal.o(.text) refers to rt_raise.o(.text) for __rt_raise
    defsig_stak_inner.o(.text) refers to defsig_general.o(.text) for __default_signal_display
    defsig_pvfn_inner.o(.text) refers to defsig_general.o(.text) for __default_signal_display
    defsig_cppl_inner.o(.text) refers to defsig_general.o(.text) for __default_signal_display
    defsig_segv_inner.o(.text) refers to defsig_general.o(.text) for __default_signal_display
    defsig_other.o(.text) refers to defsig_general.o(.text) for __default_signal_display
    gpio.o(i.GPIO_ConfigurePin) refers to gpio.o(i.GPIO_SetActive) for GPIO_SetActive
    gpio.o(i.GPIO_ConfigurePin) refers to gpio.o(i.GPIO_SetInactive) for GPIO_SetInactive
    gpio.o(i.GPIO_ConfigurePin) refers to gpio.o(i.GPIO_SetPinFunction) for GPIO_SetPinFunction
    wkupct_quadec.o(i.wkupct_register_callback) refers to wkupct_quadec.o(retention_mem_area0) for WKUPCT_callback
    wkupct_quadec.o(i.quad_decoder_disable_irq) refers to wkupct_quadec.o(.text) for wkupct_quad_disable_IRQ
    wkupct_quadec.o(i.quad_decoder_disable_irq) refers to wkupct_quadec.o(retention_mem_area0) for wkupct_quad_IRQ_status
    wkupct_quadec.o(i.quad_decoder_enable_irq) refers to wkupct_quadec.o(.text) for NVIC_ClearPendingIRQ
    wkupct_quadec.o(i.quad_decoder_enable_irq) refers to wkupct_quadec.o(retention_mem_area0) for wkupct_quad_IRQ_status
    pwm.o(i.set_tmr_enable) refers to pwm.o(.ARM.__AT_0x50000004) for clk_per_reg
    pwm.o(i.set_tmr_div) refers to pwm.o(.ARM.__AT_0x50000004) for clk_per_reg
    pwm.o(i.timer0_start) refers to pwm.o(.ARM.__AT_0x50003400) for timer0_ctrl_reg
    pwm.o(i.timer0_stop) refers to pwm.o(.ARM.__AT_0x50003400) for timer0_ctrl_reg
    pwm.o(i.timer0_release) refers to pwm.o(i.timer0_stop) for timer0_stop
    pwm.o(i.timer0_register_callback) refers to pwm.o(.data) for TIMER0_callback
    pwm.o(i.timer2_enable) refers to pwm.o(.ARM.__AT_0x50003410) for triple_pwm_ctrl_reg
    pwm.o(i.timer2_set_hw_pause) refers to pwm.o(.ARM.__AT_0x50003410) for triple_pwm_ctrl_reg
    pwm.o(i.timer2_set_sw_pause) refers to pwm.o(.ARM.__AT_0x50003410) for triple_pwm_ctrl_reg
    pwm.o(i.timer2_stop) refers to pwm.o(i.timer2_enable) for timer2_enable


==============================================================================

Removing Unused input sections from the image.

    Removing peripherals.o(.rev16_text), (4 bytes).
    Removing peripherals.o(.revsh_text), (4 bytes).
    Removing i2c_eeprom.o(.rev16_text), (4 bytes).
    Removing i2c_eeprom.o(.revsh_text), (4 bytes).
    Removing i2c_eeprom.o(.text), (884 bytes).
    Removing i2c_eeprom.o(.data), (2 bytes).
    Removing spi.o(.rev16_text), (4 bytes).
    Removing spi.o(.revsh_text), (4 bytes).
    Removing spi.o(.text), (416 bytes).
    Removing spi.o(.data), (2 bytes).
    Removing spi_flash.o(.rev16_text), (4 bytes).
    Removing spi_flash.o(.revsh_text), (4 bytes).
    Removing spi_flash.o(.text), (1364 bytes).
    Removing spi_flash.o(.data), (8 bytes).
    Removing eeprom_test.o(.rev16_text), (4 bytes).
    Removing eeprom_test.o(.revsh_text), (4 bytes).
    Removing eeprom_test.o(.text), (956 bytes).
    Removing eeprom_test.o(.conststring), (133 bytes).
    Removing gpio.o(.rev16_text), (4 bytes).
    Removing gpio.o(.revsh_text), (4 bytes).
    Removing spi_test.o(.rev16_text), (4 bytes).
    Removing spi_test.o(.revsh_text), (4 bytes).
    Removing spi_test.o(.text), (1096 bytes).
    Removing spi_test.o(.bss), (1024 bytes).
    Removing spi_test.o(.data), (2 bytes).
    Removing uart.o(.rev16_text), (4 bytes).
    Removing uart.o(.revsh_text), (4 bytes).
    Removing da14580_examples.o(.rev16_text), (4 bytes).
    Removing da14580_examples.o(.revsh_text), (4 bytes).
    Removing quad_decoder_test.o(.rev16_text), (4 bytes).
    Removing quad_decoder_test.o(.revsh_text), (4 bytes).
    Removing wkupct_quadec.o(.rev16_text), (4 bytes).
    Removing wkupct_quadec.o(.revsh_text), (4 bytes).
    Removing pwm_test.o(.rev16_text), (4 bytes).
    Removing pwm_test.o(.revsh_text), (4 bytes).
    Removing pwm.o(.rev16_text), (4 bytes).
    Removing pwm.o(.revsh_text), (4 bytes).
    Removing sw_cursor.o(.rev16_text), (4 bytes).
    Removing sw_cursor.o(.revsh_text), (4 bytes).
    Removing gpio.o(i.GPIO_init), (2 bytes).
    Removing gpio.o(i.GPIO_GetPinStatus), (40 bytes).
    Removing wkupct_quadec.o(i.quad_decoder_get_z_counter), (12 bytes).
    Removing wkupct_quadec.o(i.quad_decoder_get_y_counter), (12 bytes).
    Removing pwm.o(i.timer0_release), (8 bytes).

44 unused section(s) (total 6073 bytes) removed from the image.

==============================================================================

Image Symbol Table

    Local Symbols

    Symbol Name                              Value     Ov Type        Size  Object(Section)

    RESET                                    0x00000000   Section      160  startup_cmsdk_cm0.o(RESET)
    ../clib/angel/boardlib.s                 0x00000000   Number         0  boardshut.o ABSOLUTE
    ../clib/angel/boardlib.s                 0x00000000   Number         0  boardinit2.o ABSOLUTE
    ../clib/angel/boardlib.s                 0x00000000   Number         0  boardinit3.o ABSOLUTE
    ../clib/angel/boardlib.s                 0x00000000   Number         0  boardinit1.o ABSOLUTE
    ../clib/angel/handlers.s                 0x00000000   Number         0  __scatter_copy.o ABSOLUTE
    ../clib/angel/handlers.s                 0x00000000   Number         0  __scatter_zi.o ABSOLUTE
    ../clib/angel/kernel.s                   0x00000000   Number         0  rtentry2.o ABSOLUTE
    ../clib/angel/kernel.s                   0x00000000   Number         0  rtentry.o ABSOLUTE
    ../clib/angel/kernel.s                   0x00000000   Number         0  rtentry4.o ABSOLUTE
    ../clib/angel/kernel.s                   0x00000000   Number         0  rtexit2.o ABSOLUTE
    ../clib/angel/kernel.s                   0x00000000   Number         0  rtexit.o ABSOLUTE
    ../clib/angel/rt.s                       0x00000000   Number         0  aeabi_idiv0_sigfpe.o ABSOLUTE
    ../clib/angel/rt.s                       0x00000000   Number         0  aeabi_idiv0.o ABSOLUTE
    ../clib/angel/rt.s                       0x00000000   Number         0  rt_div0.o ABSOLUTE
    ../clib/angel/rt.s                       0x00000000   Number         0  rt_raise.o ABSOLUTE
    ../clib/angel/scatterp.s                 0x00000000   Number         0  __scatter.o ABSOLUTE
    ../clib/angel/startup.s                  0x00000000   Number         0  __main.o ABSOLUTE
    ../clib/angel/sys.s                      0x00000000   Number         0  libspace.o ABSOLUTE
    ../clib/angel/sys.s                      0x00000000   Number         0  tempstk.o ABSOLUTE
    ../clib/angel/sys.s                      0x00000000   Number         0  indicate_semi.o ABSOLUTE
    ../clib/angel/sys.s                      0x00000000   Number         0  sys_stackheap_outer.o ABSOLUTE
    ../clib/angel/sys.s                      0x00000000   Number         0  use_no_semi.o ABSOLUTE
    ../clib/angel/sysapp.c                   0x00000000   Number         0  sys_wrch.o ABSOLUTE
    ../clib/angel/sysapp.c                   0x00000000   Number         0  sys_command.o ABSOLUTE
    ../clib/angel/sysapp.c                   0x00000000   Number         0  sys_exit.o ABSOLUTE
    ../clib/armsys.c                         0x00000000   Number         0  argv_veneer.o ABSOLUTE
    ../clib/armsys.c                         0x00000000   Number         0  _get_argv_nomalloc.o ABSOLUTE
    ../clib/armsys.c                         0x00000000   Number         0  no_argv.o ABSOLUTE
    ../clib/division.s                       0x00000000   Number         0  aeabi_sdiv_div0.o ABSOLUTE
    ../clib/division.s                       0x00000000   Number         0  aeabi_sdiv.o ABSOLUTE
    ../clib/heapalloc.c                      0x00000000   Number         0  hrguard.o ABSOLUTE
    ../clib/heapaux.c                        0x00000000   Number         0  heapauxi.o ABSOLUTE
    ../clib/libinit.s                        0x00000000   Number         0  libinit.o ABSOLUTE
    ../clib/libinit.s                        0x00000000   Number         0  libinit2.o ABSOLUTE
    ../clib/libinit.s                        0x00000000   Number         0  libshutdown.o ABSOLUTE
    ../clib/libinit.s                        0x00000000   Number         0  libshutdown2.o ABSOLUTE
    ../clib/signal.c                         0x00000000   Number         0  defsig_fpe_outer.o ABSOLUTE
    ../clib/signal.c                         0x00000000   Number         0  defsig_exit.o ABSOLUTE
    ../clib/signal.c                         0x00000000   Number         0  defsig_general.o ABSOLUTE
    ../clib/signal.c                         0x00000000   Number         0  __raise.o ABSOLUTE
    ../clib/signal.c                         0x00000000   Number         0  defsig_other.o ABSOLUTE
    ../clib/signal.c                         0x00000000   Number         0  defsig_abrt_inner.o ABSOLUTE
    ../clib/signal.c                         0x00000000   Number         0  defsig_segv_inner.o ABSOLUTE
    ../clib/signal.c                         0x00000000   Number         0  defsig_cppl_inner.o ABSOLUTE
    ../clib/signal.c                         0x00000000   Number         0  defsig_rtred_inner.o ABSOLUTE
    ../clib/signal.c                         0x00000000   Number         0  defsig_rtmem_inner.o ABSOLUTE
    ../clib/signal.c                         0x00000000   Number         0  defsig_pvfn_inner.o ABSOLUTE
    ../clib/signal.c                         0x00000000   Number         0  defsig_stak_inner.o ABSOLUTE
    ../clib/signal.c                         0x00000000   Number         0  defsig_rtmem_formal.o ABSOLUTE
    ../clib/signal.c                         0x00000000   Number         0  defsig_rtmem_outer.o ABSOLUTE
    ../clib/signal.c                         0x00000000   Number         0  defsig_fpe_inner.o ABSOLUTE
    ../clib/signal.c                         0x00000000   Number         0  defsig_fpe_formal.o ABSOLUTE
    ../clib/signal.s                         0x00000000   Number         0  defsig.o ABSOLUTE
    ../clib/stdlib.c                         0x00000000   Number         0  exit.o ABSOLUTE
    ../fplib/cfplib/fdiv.c                   0x00000000   Number         0  fdiv.o ABSOLUTE
    ../fplib/cfplib/ffix.c                   0x00000000   Number         0  ffixui.o ABSOLUTE
    ../fplib/cfplib/fflt.c                   0x00000000   Number         0  fflti.o ABSOLUTE
    ../fplib/cfplib/fpinit.c                 0x00000000   Number         0  fpinit.o ABSOLUTE
    ../fplib/fmul6m.s                        0x00000000   Number         0  fmul.o ABSOLUTE
    ../fplib/usenofp.s                       0x00000000   Number         0  usenofp.o ABSOLUTE
    ..\\dk_apps\\src\\plf\\refip\\src\\driver\\gpio\\gpio.c 0x00000000   Number         0  gpio.o ABSOLUTE
    ..\\dk_apps\\src\\plf\\refip\\src\\driver\\i2c_eeprom\\i2c_eeprom.c 0x00000000   Number         0  i2c_eeprom.o ABSOLUTE
    ..\\dk_apps\\src\\plf\\refip\\src\\driver\\pwm\\pwm.c 0x00000000   Number         0  pwm.o ABSOLUTE
    ..\\dk_apps\\src\\plf\\refip\\src\\driver\\spi\\spi.c 0x00000000   Number         0  spi.o ABSOLUTE
    ..\\dk_apps\\src\\plf\\refip\\src\\driver\\spi_flash\\spi_flash.c 0x00000000   Number         0  spi_flash.o ABSOLUTE
    ..\\dk_apps\\src\\plf\\refip\\src\\driver\\wkupct_quadec\\wkupct_quadec.c 0x00000000   Number         0  wkupct_quadec.o ABSOLUTE
    ..\dk_apps\src\plf\refip\src\driver\adc\adc.c 0x00000000   Number         0  adc.o ABSOLUTE
    ..\dk_apps\src\plf\refip\src\driver\battery\battery.c 0x00000000   Number         0  battery.o ABSOLUTE
    ..\dk_apps\src\plf\refip\src\driver\gpio\gpio.c 0x00000000   Number         0  gpio.o ABSOLUTE
    ..\dk_apps\src\plf\refip\src\driver\i2c_eeprom\i2c_eeprom.c 0x00000000   Number         0  i2c_eeprom.o ABSOLUTE
    ..\dk_apps\src\plf\refip\src\driver\pwm\pwm.c 0x00000000   Number         0  pwm.o ABSOLUTE
    ..\dk_apps\src\plf\refip\src\driver\spi\spi.c 0x00000000   Number         0  spi.o ABSOLUTE
    ..\dk_apps\src\plf\refip\src\driver\spi_flash\spi_flash.c 0x00000000   Number         0  spi_flash.o ABSOLUTE
    ..\dk_apps\src\plf\refip\src\driver\wkupct_quadec\wkupct_quadec.c 0x00000000   Number         0  wkupct_quadec.o ABSOLUTE
    dc.s                                     0x00000000   Number         0  dc.o ABSOLUTE
    src\DA14580_examples.c                   0x00000000   Number         0  da14580_examples.o ABSOLUTE
    src\\DA14580_examples.c                  0x00000000   Number         0  da14580_examples.o ABSOLUTE
    src\\eeprom_test.c                       0x00000000   Number         0  eeprom_test.o ABSOLUTE
    src\\peripherals.c                       0x00000000   Number         0  peripherals.o ABSOLUTE
    src\\pwm_test.c                          0x00000000   Number         0  pwm_test.o ABSOLUTE
    src\\quad_decoder_test.c                 0x00000000   Number         0  quad_decoder_test.o ABSOLUTE
    src\\spi_test.c                          0x00000000   Number         0  spi_test.o ABSOLUTE
    src\\sw_cursor.c                         0x00000000   Number         0  sw_cursor.o ABSOLUTE
    src\\uart.c                              0x00000000   Number         0  uart.o ABSOLUTE
    src\eeprom_test.c                        0x00000000   Number         0  eeprom_test.o ABSOLUTE
    src\per_ex_hard_fault.c                  0x00000000   Number         0  per_ex_hard_fault.o ABSOLUTE
    src\peripherals.c                        0x00000000   Number         0  peripherals.o ABSOLUTE
    src\pwm_test.c                           0x00000000   Number         0  pwm_test.o ABSOLUTE
    src\quad_decoder_test.c                  0x00000000   Number         0  quad_decoder_test.o ABSOLUTE
    src\spi_test.c                           0x00000000   Number         0  spi_test.o ABSOLUTE
    src\sw_cursor.c                          0x00000000   Number         0  sw_cursor.o ABSOLUTE
    src\uart.c                               0x00000000   Number         0  uart.o ABSOLUTE
    startup\startup_CMSDK_CM0.s              0x00000000   Number         0  startup_cmsdk_cm0.o ABSOLUTE
    startup\system_CMSDK.c                   0x00000000   Number         0  system_cmsdk.o ABSOLUTE
    !!!main                                  0x000000a0   Section        8  __main.o(!!!main)
    !!!scatter                               0x000000a8   Section       60  __scatter.o(!!!scatter)
    !!handler_copy                           0x000000e4   Section       26  __scatter_copy.o(!!handler_copy)
    !!handler_zi                             0x00000100   Section       28  __scatter_zi.o(!!handler_zi)
    .ARM.Collect$$libinit$$00000000          0x0000011c   Section        2  libinit.o(.ARM.Collect$$libinit$$00000000)
    .ARM.Collect$$libinit$$00000001          0x0000011e   Section        4  libinit2.o(.ARM.Collect$$libinit$$00000001)
    .ARM.Collect$$libinit$$00000008          0x00000122   Section        0  libinit2.o(.ARM.Collect$$libinit$$00000008)
    .ARM.Collect$$libinit$$0000000A          0x00000122   Section        0  libinit2.o(.ARM.Collect$$libinit$$0000000A)
    .ARM.Collect$$libinit$$0000000C          0x00000122   Section        0  libinit2.o(.ARM.Collect$$libinit$$0000000C)
    .ARM.Collect$$libinit$$0000000F          0x00000122   Section        0  libinit2.o(.ARM.Collect$$libinit$$0000000F)
    .ARM.Collect$$libinit$$00000011          0x00000122   Section        0  libinit2.o(.ARM.Collect$$libinit$$00000011)
    .ARM.Collect$$libinit$$00000013          0x00000122   Section        0  libinit2.o(.ARM.Collect$$libinit$$00000013)
    .ARM.Collect$$libinit$$00000015          0x00000122   Section        0  libinit2.o(.ARM.Collect$$libinit$$00000015)
    .ARM.Collect$$libinit$$00000017          0x00000122   Section        0  libinit2.o(.ARM.Collect$$libinit$$00000017)
    .ARM.Collect$$libinit$$00000019          0x00000122   Section        0  libinit2.o(.ARM.Collect$$libinit$$00000019)
    .ARM.Collect$$libinit$$0000001B          0x00000122   Section        0  libinit2.o(.ARM.Collect$$libinit$$0000001B)
    .ARM.Collect$$libinit$$0000001D          0x00000122   Section        0  libinit2.o(.ARM.Collect$$libinit$$0000001D)
    .ARM.Collect$$libinit$$0000001F          0x00000122   Section        0  libinit2.o(.ARM.Collect$$libinit$$0000001F)
    .ARM.Collect$$libinit$$00000021          0x00000122   Section        0  libinit2.o(.ARM.Collect$$libinit$$00000021)
    .ARM.Collect$$libinit$$00000023          0x00000122   Section        0  libinit2.o(.ARM.Collect$$libinit$$00000023)
    .ARM.Collect$$libinit$$0000002A          0x00000122   Section        0  libinit2.o(.ARM.Collect$$libinit$$0000002A)
    .ARM.Collect$$libinit$$0000002C          0x00000122   Section        0  libinit2.o(.ARM.Collect$$libinit$$0000002C)
    .ARM.Collect$$libinit$$0000002E          0x00000122   Section        0  libinit2.o(.ARM.Collect$$libinit$$0000002E)
    .ARM.Collect$$libinit$$00000030          0x00000122   Section        0  libinit2.o(.ARM.Collect$$libinit$$00000030)
    .ARM.Collect$$libinit$$00000031          0x00000122   Section        2  libinit2.o(.ARM.Collect$$libinit$$00000031)
    .ARM.Collect$$libshutdown$$00000000      0x00000124   Section        2  libshutdown.o(.ARM.Collect$$libshutdown$$00000000)
    .ARM.Collect$$libshutdown$$00000003      0x00000126   Section        0  libshutdown2.o(.ARM.Collect$$libshutdown$$00000003)
    .ARM.Collect$$libshutdown$$00000006      0x00000126   Section        0  libshutdown2.o(.ARM.Collect$$libshutdown$$00000006)
    .ARM.Collect$$libshutdown$$00000009      0x00000126   Section        0  libshutdown2.o(.ARM.Collect$$libshutdown$$00000009)
    .ARM.Collect$$libshutdown$$0000000B      0x00000126   Section        0  libshutdown2.o(.ARM.Collect$$libshutdown$$0000000B)
    .ARM.Collect$$libshutdown$$0000000E      0x00000126   Section        0  libshutdown2.o(.ARM.Collect$$libshutdown$$0000000E)
    .ARM.Collect$$libshutdown$$0000000F      0x00000126   Section        2  libshutdown2.o(.ARM.Collect$$libshutdown$$0000000F)
    .ARM.Collect$$rtentry$$00000000          0x00000128   Section        0  rtentry.o(.ARM.Collect$$rtentry$$00000000)
    .ARM.Collect$$rtentry$$00000002          0x00000128   Section        0  rtentry2.o(.ARM.Collect$$rtentry$$00000002)
    .ARM.Collect$$rtentry$$00000004          0x00000128   Section        6  rtentry4.o(.ARM.Collect$$rtentry$$00000004)
    .ARM.Collect$$rtentry$$00000009          0x0000012e   Section        0  rtentry2.o(.ARM.Collect$$rtentry$$00000009)
    .ARM.Collect$$rtentry$$0000000A          0x0000012e   Section        4  rtentry2.o(.ARM.Collect$$rtentry$$0000000A)
    .ARM.Collect$$rtentry$$0000000C          0x00000132   Section        0  rtentry2.o(.ARM.Collect$$rtentry$$0000000C)
    .ARM.Collect$$rtentry$$0000000D          0x00000132   Section        8  rtentry2.o(.ARM.Collect$$rtentry$$0000000D)
    .ARM.Collect$$rtexit$$00000000           0x0000013a   Section        2  rtexit.o(.ARM.Collect$$rtexit$$00000000)
    .ARM.Collect$$rtexit$$00000002           0x0000013c   Section        0  rtexit2.o(.ARM.Collect$$rtexit$$00000002)
    .ARM.Collect$$rtexit$$00000003           0x0000013c   Section        4  rtexit2.o(.ARM.Collect$$rtexit$$00000003)
    .ARM.Collect$$rtexit$$00000004           0x00000140   Section        6  rtexit2.o(.ARM.Collect$$rtexit$$00000004)
    .text                                    0x00000148   Section       56  startup_cmsdk_cm0.o(.text)
    .text                                    0x00000180   Section        0  system_cmsdk.o(.text)
    .text                                    0x00000198   Section        0  peripherals.o(.text)
    .text                                    0x000002cc   Section        0  adc.o(.text)
    .text                                    0x00000348   Section        0  uart.o(.text)
    .text                                    0x000004c0   Section        0  battery.o(.text)
    .text                                    0x00000634   Section        0  da14580_examples.o(.text)
    .text                                    0x00000b10   Section        0  quad_decoder_test.o(.text)
    .text                                    0x00000dc8   Section        0  wkupct_quadec.o(.text)
    NVIC_SetPriority                         0x00000dc9   Thumb Code   110  wkupct_quadec.o(.text)
    NVIC_EnableIRQ                           0x00001045   Thumb Code    14  wkupct_quadec.o(.text)
    NVIC_ClearPendingIRQ                     0x00001053   Thumb Code    14  wkupct_quadec.o(.text)
    .text                                    0x00001080   Section        0  pwm_test.o(.text)
    .text                                    0x000013d4   Section        0  pwm.o(.text)
    NVIC_SetPriority                         0x0000147f   Thumb Code   110  pwm.o(.text)
    .text                                    0x00001500   Section        0  per_ex_hard_fault.o(.text)
    .text                                    0x00001504   Section        0  sw_cursor.o(.text)
    .text                                    0x00001522   Section      346  aeabi_sdiv.o(.text)
    .text                                    0x0000167c   Section        0  heapauxi.o(.text)
    .text                                    0x00001684   Section        0  fdiv.o(.text)
    .text                                    0x000017e4   Section        0  ffixui.o(.text)
    .text                                    0x00001814   Section        0  fflti.o(.text)
    .text                                    0x00001872   Section       62  sys_stackheap_outer.o(.text)
    .text                                    0x000018b0   Section        0  exit.o(.text)
    .text                                    0x000018bc   Section        8  libspace.o(.text)
    .text                                    0x000018c4   Section        0  sys_exit.o(.text)
    .text                                    0x000018d0   Section        2  use_no_semi.o(.text)
    .text                                    0x000018d2   Section        0  indicate_semi.o(.text)
    i.GPIO_ConfigurePin                      0x000018d2   Section        0  gpio.o(i.GPIO_ConfigurePin)
    i.GPIO_SetActive                         0x00001904   Section        0  gpio.o(i.GPIO_SetActive)
    i.GPIO_SetInactive                       0x00001920   Section        0  gpio.o(i.GPIO_SetInactive)
    i.GPIO_SetPinFunction                    0x0000193c   Section        0  gpio.o(i.GPIO_SetPinFunction)
    i.quad_decoder_disable_irq               0x0000195c   Section        0  wkupct_quadec.o(i.quad_decoder_disable_irq)
    i.quad_decoder_enable_irq                0x00001990   Section        0  wkupct_quadec.o(i.quad_decoder_enable_irq)
    i.quad_decoder_get_x_counter             0x000019ec   Section        0  wkupct_quadec.o(i.quad_decoder_get_x_counter)
    i.set_tmr_div                            0x000019f8   Section        0  pwm.o(i.set_tmr_div)
    i.set_tmr_enable                         0x00001a10   Section        0  pwm.o(i.set_tmr_enable)
    i.timer0_register_callback               0x00001a2c   Section        0  pwm.o(i.timer0_register_callback)
    i.timer0_set_pwm_high_counter            0x00001a38   Section        0  pwm.o(i.timer0_set_pwm_high_counter)
    i.timer0_set_pwm_low_counter             0x00001a44   Section        0  pwm.o(i.timer0_set_pwm_low_counter)
    i.timer0_set_pwm_on_counter              0x00001a50   Section        0  pwm.o(i.timer0_set_pwm_on_counter)
    i.timer0_start                           0x00001a5c   Section        0  pwm.o(i.timer0_start)
    i.timer0_stop                            0x00001a70   Section        0  pwm.o(i.timer0_stop)
    i.timer2_enable                          0x00001a84   Section        0  pwm.o(i.timer2_enable)
    i.timer2_set_hw_pause                    0x00001a9c   Section        0  pwm.o(i.timer2_set_hw_pause)
    i.timer2_set_pwm2_duty_cycle             0x00001ab8   Section        0  pwm.o(i.timer2_set_pwm2_duty_cycle)
    i.timer2_set_pwm3_duty_cycle             0x00001ac4   Section        0  pwm.o(i.timer2_set_pwm3_duty_cycle)
    i.timer2_set_pwm4_duty_cycle             0x00001ad0   Section        0  pwm.o(i.timer2_set_pwm4_duty_cycle)
    i.timer2_set_pwm_frequency               0x00001adc   Section        0  pwm.o(i.timer2_set_pwm_frequency)
    i.timer2_set_sw_pause                    0x00001ae8   Section        0  pwm.o(i.timer2_set_sw_pause)
    i.timer2_stop                            0x00001b04   Section        0  pwm.o(i.timer2_stop)
    i.wkupct_register_callback               0x00001b10   Section        0  wkupct_quadec.o(i.wkupct_register_callback)
    x$fpl$fmul                               0x00001b1c   Section      176  fmul.o(x$fpl$fmul)
    .constdata                               0x00001bcc   Section        8  quad_decoder_test.o(.constdata)
    x$fpl$usenofp                            0x00001bcc   Section        0  usenofp.o(x$fpl$usenofp)
    .constdata                               0x00001bd4   Section       52  pwm_test.o(.constdata)
    .constdata                               0x00001c08   Section       64  fdiv.o(.constdata)
    fdiv_tab                                 0x00001c08   Data          64  fdiv.o(.constdata)
    .conststring                             0x00001c48   Section      143  da14580_examples.o(.conststring)
    .conststring                             0x00001cd8   Section       69  pwm_test.o(.conststring)
    .data                                    0x00008000   Section        8  system_cmsdk.o(.data)
    .data                                    0x00008008   Section        2  battery.o(.data)
    .data                                    0x0000800a   Section        6  quad_decoder_test.o(.data)
    .data                                    0x00008010   Section        5  pwm_test.o(.data)
    n                                        0x00008013   Data           1  pwm_test.o(.data)
    i                                        0x00008014   Data           1  pwm_test.o(.data)
    .data                                    0x00008018   Section        4  pwm.o(.data)
    .bss                                     0x0000801c   Section       96  libspace.o(.bss)
    HEAP                                     0x00008080   Section      256  startup_cmsdk_cm0.o(HEAP)
    Heap_Mem                                 0x00008080   Data         256  startup_cmsdk_cm0.o(HEAP)
    STACK                                    0x00008180   Section      512  startup_cmsdk_cm0.o(STACK)
    Stack_Mem                                0x00008180   Data         512  startup_cmsdk_cm0.o(STACK)
    retention_mem_area0                      0x00008380   Section        1  battery.o(retention_mem_area0)
    __initial_sp                             0x00008380   Data           0  startup_cmsdk_cm0.o(STACK)
    retention_mem_area0                      0x00008384   Section       12  wkupct_quadec.o(retention_mem_area0)
    .ARM.__AT_0x50000004                     0x50000004   Section        4  pwm.o(.ARM.__AT_0x50000004)
    .ARM.__AT_0x50003400                     0x50003400   Section        4  pwm.o(.ARM.__AT_0x50003400)
    .ARM.__AT_0x50003410                     0x50003410   Section        4  pwm.o(.ARM.__AT_0x50003410)

    Global Symbols

    Symbol Name                              Value     Ov Type        Size  Object(Section)

    BuildAttributes$$THM_ISAv3M$S$PE$A:L22$X:L11$S22$IEEE1$IW$USESV6$~STKCKD$USESV7$~SHL$OSPACE$ROPI$EBA8$UX$STANDARDLIB$REQ8$PRES8$EABIv2 0x00000000   Number         0  anon$$obj.o ABSOLUTE
    __ARM_use_no_argv                        0x00000000   Number         0  da14580_examples.o ABSOLUTE
    __Vectors                                0x00000000   Data           4  startup_cmsdk_cm0.o(RESET)
    __ARM_exceptions_init                     - Undefined Weak Reference
    __alloca_initialize                       - Undefined Weak Reference
    __cpp_initialize__aeabi_                  - Undefined Weak Reference
    __cxa_finalize                            - Undefined Weak Reference
    __rt_locale                               - Undefined Weak Reference
    __sigvec_lookup                           - Undefined Weak Reference
    _atexit_init                              - Undefined Weak Reference
    _call_atexit_fns                          - Undefined Weak Reference
    _clock_init                               - Undefined Weak Reference
    _fp_trap_init                             - Undefined Weak Reference
    _fp_trap_shutdown                         - Undefined Weak Reference
    _get_lc_collate                           - Undefined Weak Reference
    _get_lc_ctype                             - Undefined Weak Reference
    _get_lc_monetary                          - Undefined Weak Reference
    _get_lc_numeric                           - Undefined Weak Reference
    _get_lc_time                              - Undefined Weak Reference
    _getenv_init                              - Undefined Weak Reference
    _handle_redirection                       - Undefined Weak Reference
    _init_alloc                               - Undefined Weak Reference
    _init_user_alloc                          - Undefined Weak Reference
    _initio                                   - Undefined Weak Reference
    _rand_init                                - Undefined Weak Reference
    _signal_finish                            - Undefined Weak Reference
    _signal_init                              - Undefined Weak Reference
    _terminate_alloc                          - Undefined Weak Reference
    _terminate_user_alloc                     - Undefined Weak Reference
    _terminateio                              - Undefined Weak Reference
    __Vectors_End                            0x000000a0   Data           0  startup_cmsdk_cm0.o(RESET)
    __Vectors_Size                           0x000000a0   Number         0  startup_cmsdk_cm0.o ABSOLUTE
    __main                                   0x000000a1   Thumb Code     8  __main.o(!!!main)
    __scatterload                            0x000000a9   Thumb Code     0  __scatter.o(!!!scatter)
    __scatterload_rt2                        0x000000a9   Thumb Code    52  __scatter.o(!!!scatter)
    __scatterload_rt2_thumb_only             0x000000a9   Thumb Code     0  __scatter.o(!!!scatter)
    __scatterload_null                       0x000000b9   Thumb Code     0  __scatter.o(!!!scatter)
    __scatterload_copy                       0x000000e5   Thumb Code    26  __scatter_copy.o(!!handler_copy)
    __scatterload_zeroinit                   0x00000101   Thumb Code    28  __scatter_zi.o(!!handler_zi)
    __rt_lib_init                            0x0000011d   Thumb Code     0  libinit.o(.ARM.Collect$$libinit$$00000000)
    __rt_lib_init_fp_1                       0x0000011f   Thumb Code     0  libinit2.o(.ARM.Collect$$libinit$$00000001)
    __rt_lib_init_alloca_1                   0x00000123   Thumb Code     0  libinit2.o(.ARM.Collect$$libinit$$0000002C)
    __rt_lib_init_argv_1                     0x00000123   Thumb Code     0  libinit2.o(.ARM.Collect$$libinit$$0000002A)
    __rt_lib_init_atexit_1                   0x00000123   Thumb Code     0  libinit2.o(.ARM.Collect$$libinit$$00000019)
    __rt_lib_init_clock_1                    0x00000123   Thumb Code     0  libinit2.o(.ARM.Collect$$libinit$$0000001F)
    __rt_lib_init_cpp_1                      0x00000123   Thumb Code     0  libinit2.o(.ARM.Collect$$libinit$$00000030)
    __rt_lib_init_exceptions_1               0x00000123   Thumb Code     0  libinit2.o(.ARM.Collect$$libinit$$0000002E)
    __rt_lib_init_fp_trap_1                  0x00000123   Thumb Code     0  libinit2.o(.ARM.Collect$$libinit$$0000001D)
    __rt_lib_init_getenv_1                   0x00000123   Thumb Code     0  libinit2.o(.ARM.Collect$$libinit$$00000021)
    __rt_lib_init_heap_1                     0x00000123   Thumb Code     0  libinit2.o(.ARM.Collect$$libinit$$00000008)
    __rt_lib_init_lc_collate_1               0x00000123   Thumb Code     0  libinit2.o(.ARM.Collect$$libinit$$0000000F)
    __rt_lib_init_lc_ctype_1                 0x00000123   Thumb Code     0  libinit2.o(.ARM.Collect$$libinit$$00000011)
    __rt_lib_init_lc_monetary_1              0x00000123   Thumb Code     0  libinit2.o(.ARM.Collect$$libinit$$00000013)
    __rt_lib_init_lc_numeric_1               0x00000123   Thumb Code     0  libinit2.o(.ARM.Collect$$libinit$$00000015)
    __rt_lib_init_lc_time_1                  0x00000123   Thumb Code     0  libinit2.o(.ARM.Collect$$libinit$$00000017)
    __rt_lib_init_rand_1                     0x00000123   Thumb Code     0  libinit2.o(.ARM.Collect$$libinit$$0000000C)
    __rt_lib_init_return                     0x00000123   Thumb Code     0  libinit2.o(.ARM.Collect$$libinit$$00000031)
    __rt_lib_init_signal_1                   0x00000123   Thumb Code     0  libinit2.o(.ARM.Collect$$libinit$$0000001B)
    __rt_lib_init_stdio_1                    0x00000123   Thumb Code     0  libinit2.o(.ARM.Collect$$libinit$$00000023)
    __rt_lib_init_user_alloc_1               0x00000123   Thumb Code     0  libinit2.o(.ARM.Collect$$libinit$$0000000A)
    __rt_lib_shutdown                        0x00000125   Thumb Code     0  libshutdown.o(.ARM.Collect$$libshutdown$$00000000)
    __rt_lib_shutdown_fp_trap_1              0x00000127   Thumb Code     0  libshutdown2.o(.ARM.Collect$$libshutdown$$00000006)
    __rt_lib_shutdown_heap_1                 0x00000127   Thumb Code     0  libshutdown2.o(.ARM.Collect$$libshutdown$$0000000E)
    __rt_lib_shutdown_return                 0x00000127   Thumb Code     0  libshutdown2.o(.ARM.Collect$$libshutdown$$0000000F)
    __rt_lib_shutdown_signal_1               0x00000127   Thumb Code     0  libshutdown2.o(.ARM.Collect$$libshutdown$$00000009)
    __rt_lib_shutdown_stdio_1                0x00000127   Thumb Code     0  libshutdown2.o(.ARM.Collect$$libshutdown$$00000003)
    __rt_lib_shutdown_user_alloc_1           0x00000127   Thumb Code     0  libshutdown2.o(.ARM.Collect$$libshutdown$$0000000B)
    __rt_entry                               0x00000129   Thumb Code     0  rtentry.o(.ARM.Collect$$rtentry$$00000000)
    __rt_entry_presh_1                       0x00000129   Thumb Code     0  rtentry2.o(.ARM.Collect$$rtentry$$00000002)
    __rt_entry_sh                            0x00000129   Thumb Code     0  rtentry4.o(.ARM.Collect$$rtentry$$00000004)
    __rt_entry_li                            0x0000012f   Thumb Code     0  rtentry2.o(.ARM.Collect$$rtentry$$0000000A)
    __rt_entry_postsh_1                      0x0000012f   Thumb Code     0  rtentry2.o(.ARM.Collect$$rtentry$$00000009)
    __rt_entry_main                          0x00000133   Thumb Code     0  rtentry2.o(.ARM.Collect$$rtentry$$0000000D)
    __rt_entry_postli_1                      0x00000133   Thumb Code     0  rtentry2.o(.ARM.Collect$$rtentry$$0000000C)
    __rt_exit                                0x0000013b   Thumb Code     0  rtexit.o(.ARM.Collect$$rtexit$$00000000)
    __rt_exit_ls                             0x0000013d   Thumb Code     0  rtexit2.o(.ARM.Collect$$rtexit$$00000003)
    __rt_exit_prels_1                        0x0000013d   Thumb Code     0  rtexit2.o(.ARM.Collect$$rtexit$$00000002)
    __rt_exit_exit                           0x00000141   Thumb Code     0  rtexit2.o(.ARM.Collect$$rtexit$$00000004)
    Reset_Handler                            0x00000149   Thumb Code     8  startup_cmsdk_cm0.o(.text)
    NMI_Handler                              0x00000151   Thumb Code     2  startup_cmsdk_cm0.o(.text)
    SVC_Handler                              0x00000155   Thumb Code     2  startup_cmsdk_cm0.o(.text)
    PendSV_Handler                           0x00000157   Thumb Code     2  startup_cmsdk_cm0.o(.text)
    SysTick_Handler                          0x00000159   Thumb Code     2  startup_cmsdk_cm0.o(.text)
    ADC_Handler                              0x0000015b   Thumb Code     0  startup_cmsdk_cm0.o(.text)
    BLE_CRYPT_Handler                        0x0000015b   Thumb Code     0  startup_cmsdk_cm0.o(.text)
    BLE_CSCNT_Handler                        0x0000015b   Thumb Code     0  startup_cmsdk_cm0.o(.text)
    BLE_ERROR_Handler                        0x0000015b   Thumb Code     0  startup_cmsdk_cm0.o(.text)
    BLE_EVENT_Handler                        0x0000015b   Thumb Code     0  startup_cmsdk_cm0.o(.text)
    BLE_FINETGTIM_Handler                    0x0000015b   Thumb Code     0  startup_cmsdk_cm0.o(.text)
    BLE_GROSSTGTIM_Handler                   0x0000015b   Thumb Code     0  startup_cmsdk_cm0.o(.text)
    BLE_RADIOCNTL_Handler                    0x0000015b   Thumb Code     0  startup_cmsdk_cm0.o(.text)
    BLE_RX_Handler                           0x0000015b   Thumb Code     0  startup_cmsdk_cm0.o(.text)
    BLE_SLP_Handler                          0x0000015b   Thumb Code     0  startup_cmsdk_cm0.o(.text)
    BLE_WAKEUP_LP_Handler                    0x0000015b   Thumb Code     0  startup_cmsdk_cm0.o(.text)
    GPIO0_Handler                            0x0000015b   Thumb Code     0  startup_cmsdk_cm0.o(.text)
    GPIO1_Handler                            0x0000015b   Thumb Code     0  startup_cmsdk_cm0.o(.text)
    GPIO2_Handler                            0x0000015b   Thumb Code     0  startup_cmsdk_cm0.o(.text)
    GPIO3_Handler                            0x0000015b   Thumb Code     0  startup_cmsdk_cm0.o(.text)
    GPIO4_Handler                            0x0000015b   Thumb Code     0  startup_cmsdk_cm0.o(.text)
    I2C_Handler                              0x0000015b   Thumb Code     0  startup_cmsdk_cm0.o(.text)
    KEYBRD_Handler                           0x0000015b   Thumb Code     0  startup_cmsdk_cm0.o(.text)
    RFCAL_Handler                            0x0000015b   Thumb Code     0  startup_cmsdk_cm0.o(.text)
    SPI_Handler                              0x0000015b   Thumb Code     0  startup_cmsdk_cm0.o(.text)
    UART2_Handler                            0x0000015b   Thumb Code     0  startup_cmsdk_cm0.o(.text)
    UART_Handler                             0x0000015b   Thumb Code     0  startup_cmsdk_cm0.o(.text)
    __user_initial_stackheap                 0x0000015d   Thumb Code     0  startup_cmsdk_cm0.o(.text)
    SystemInit                               0x00000181   Thumb Code     8  system_cmsdk.o(.text)
    SystemCoreClockUpdate                    0x00000189   Thumb Code     8  system_cmsdk.o(.text)
    set_pad_functions                        0x00000199   Thumb Code   198  peripherals.o(.text)
    periph_init                              0x0000025f   Thumb Code   104  peripherals.o(.text)
    adc_init                                 0x000002cd   Thumb Code    34  adc.o(.text)
    adc_enable_channel                       0x000002ef   Thumb Code    22  adc.o(.text)
    adc_disable                              0x00000305   Thumb Code     8  adc.o(.text)
    adc_get_sample                           0x0000030d   Thumb Code    50  adc.o(.text)
    uart_initialization                      0x00000349   Thumb Code    64  uart.o(.text)
    uart_send_byte                           0x00000389   Thumb Code    22  uart.o(.text)
    printf_string                            0x0000039f   Thumb Code    22  uart.o(.text)
    uart_test                                0x000003b5   Thumb Code    28  uart.o(.text)
    uart_receive_byte                        0x000003d1   Thumb Code    22  uart.o(.text)
    printf_byte                              0x000003e7   Thumb Code    56  uart.o(.text)
    print_hword                              0x0000041f   Thumb Code    20  uart.o(.text)
    print_word                               0x00000433   Thumb Code    34  uart.o(.text)
    batt_cal_cr2032                          0x000004c1   Thumb Code   178  battery.o(.text)
    batt_cal_cr1225                          0x00000573   Thumb Code    38  battery.o(.text)
    battery_get_lvl                          0x00000599   Thumb Code   124  battery.o(.text)
    batt_test                                0x00000635   Thumb Code    52  da14580_examples.o(.text)
    print_input                              0x00000669   Thumb Code    10  da14580_examples.o(.text)
    print_menu                               0x00000673   Thumb Code    74  da14580_examples.o(.text)
    endtest_bridge                           0x000006bd   Thumb Code    62  da14580_examples.o(.text)
    exit_test                                0x000006fb   Thumb Code    10  da14580_examples.o(.text)
    main                                     0x00000705   Thumb Code   200  da14580_examples.o(.text)
    quad_decoder_user_callback_function      0x00000b11   Thumb Code    32  quad_decoder_test.o(.text)
    wkup_callback_function                   0x00000b31   Thumb Code    62  quad_decoder_test.o(.text)
    quad_decoder_test                        0x00000b6f   Thumb Code   246  quad_decoder_test.o(.text)
    wkupct_quad_disable_IRQ                  0x00000e37   Thumb Code    32  wkupct_quadec.o(.text)
    WKUP_QUADEC_Handler                      0x00000e57   Thumb Code   200  wkupct_quadec.o(.text)
    wkupct_enable_irq                        0x00000f1f   Thumb Code   180  wkupct_quadec.o(.text)
    wkupct_disable_irq                       0x00000fd3   Thumb Code    38  wkupct_quadec.o(.text)
    quad_decoder_register_callback           0x00000ff9   Thumb Code     6  wkupct_quadec.o(.text)
    quad_decoder_init                        0x00000fff   Thumb Code    40  wkupct_quadec.o(.text)
    quad_decoder_release                     0x00001027   Thumb Code    30  wkupct_quadec.o(.text)
    pwm0_user_callback_function              0x00001081   Thumb Code   138  pwm_test.o(.text)
    timer0_test                              0x0000110b   Thumb Code   130  pwm_test.o(.text)
    timer2_test                              0x0000118d   Thumb Code   152  pwm_test.o(.text)
    timer0_init                              0x000013d5   Thumb Code    78  pwm.o(.text)
    timer0_set                               0x00001423   Thumb Code    10  pwm.o(.text)
    timer0_enable_irq                        0x0000142d   Thumb Code    14  pwm.o(.text)
    timer0_disable_irq                       0x0000143b   Thumb Code    16  pwm.o(.text)
    SWTIM_Handler                            0x0000144b   Thumb Code    18  pwm.o(.text)
    timer2_init                              0x0000145d   Thumb Code    34  pwm.o(.text)
    HardFault_Handler                        0x00001501   Thumb Code     4  per_ex_hard_fault.o(.text)
    set_sw_cursor                            0x00001505   Thumb Code    30  sw_cursor.o(.text)
    __aeabi_uidiv                            0x00001523   Thumb Code     0  aeabi_sdiv.o(.text)
    __aeabi_uidivmod                         0x00001523   Thumb Code    20  aeabi_sdiv.o(.text)
    __aeabi_idiv                             0x00001537   Thumb Code     0  aeabi_sdiv.o(.text)
    __aeabi_idivmod                          0x00001537   Thumb Code   326  aeabi_sdiv.o(.text)
    __use_two_region_memory                  0x0000167d   Thumb Code     2  heapauxi.o(.text)
    __rt_heap_escrow$2region                 0x0000167f   Thumb Code     2  heapauxi.o(.text)
    __rt_heap_expand$2region                 0x00001681   Thumb Code     2  heapauxi.o(.text)
    __aeabi_fdiv                             0x00001685   Thumb Code     0  fdiv.o(.text)
    _fdiv                                    0x00001685   Thumb Code   336  fdiv.o(.text)
    _frdiv                                   0x000017d5   Thumb Code     8  fdiv.o(.text)
    __aeabi_f2uiz                            0x000017e5   Thumb Code     0  ffixui.o(.text)
    _ffixu                                   0x000017e5   Thumb Code    48  ffixui.o(.text)
    __aeabi_i2f_normalise                    0x00001815   Thumb Code    72  fflti.o(.text)
    __aeabi_i2f                              0x0000185d   Thumb Code    16  fflti.o(.text)
    _fflt                                    0x0000185d   Thumb Code     0  fflti.o(.text)
    __aeabi_ui2f                             0x0000186d   Thumb Code     6  fflti.o(.text)
    _ffltu                                   0x0000186d   Thumb Code     0  fflti.o(.text)
    __user_setup_stackheap                   0x00001873   Thumb Code    62  sys_stackheap_outer.o(.text)
    exit                                     0x000018b1   Thumb Code    12  exit.o(.text)
    __user_libspace                          0x000018bd   Thumb Code     8  libspace.o(.text)
    __user_perproc_libspace                  0x000018bd   Thumb Code     0  libspace.o(.text)
    __user_perthread_libspace                0x000018bd   Thumb Code     0  libspace.o(.text)
    _sys_exit                                0x000018c5   Thumb Code     8  sys_exit.o(.text)
    __I$use$semihosting                      0x000018d1   Thumb Code     0  use_no_semi.o(.text)
    __use_no_semihosting_swi                 0x000018d1   Thumb Code     2  use_no_semi.o(.text)
    GPIO_ConfigurePin                        0x000018d3   Thumb Code    50  gpio.o(i.GPIO_ConfigurePin)
    __semihosting_library_function           0x000018d3   Thumb Code     0  indicate_semi.o(.text)
    GPIO_SetActive                           0x00001905   Thumb Code    24  gpio.o(i.GPIO_SetActive)
    GPIO_SetInactive                         0x00001921   Thumb Code    24  gpio.o(i.GPIO_SetInactive)
    GPIO_SetPinFunction                      0x0000193d   Thumb Code    28  gpio.o(i.GPIO_SetPinFunction)
    quad_decoder_disable_irq                 0x0000195d   Thumb Code    44  wkupct_quadec.o(i.quad_decoder_disable_irq)
    quad_decoder_enable_irq                  0x00001991   Thumb Code    84  wkupct_quadec.o(i.quad_decoder_enable_irq)
    quad_decoder_get_x_counter               0x000019ed   Thumb Code     8  wkupct_quadec.o(i.quad_decoder_get_x_counter)
    set_tmr_div                              0x000019f9   Thumb Code    20  pwm.o(i.set_tmr_div)
    set_tmr_enable                           0x00001a11   Thumb Code    22  pwm.o(i.set_tmr_enable)
    timer0_register_callback                 0x00001a2d   Thumb Code     6  pwm.o(i.timer0_register_callback)
    timer0_set_pwm_high_counter              0x00001a39   Thumb Code     6  pwm.o(i.timer0_set_pwm_high_counter)
    timer0_set_pwm_low_counter               0x00001a45   Thumb Code     6  pwm.o(i.timer0_set_pwm_low_counter)
    timer0_set_pwm_on_counter                0x00001a51   Thumb Code     6  pwm.o(i.timer0_set_pwm_on_counter)
    timer0_start                             0x00001a5d   Thumb Code    16  pwm.o(i.timer0_start)
    timer0_stop                              0x00001a71   Thumb Code    14  pwm.o(i.timer0_stop)
    timer2_enable                            0x00001a85   Thumb Code    20  pwm.o(i.timer2_enable)
    timer2_set_hw_pause                      0x00001a9d   Thumb Code    22  pwm.o(i.timer2_set_hw_pause)
    timer2_set_pwm2_duty_cycle               0x00001ab9   Thumb Code     6  pwm.o(i.timer2_set_pwm2_duty_cycle)
    timer2_set_pwm3_duty_cycle               0x00001ac5   Thumb Code     6  pwm.o(i.timer2_set_pwm3_duty_cycle)
    timer2_set_pwm4_duty_cycle               0x00001ad1   Thumb Code     6  pwm.o(i.timer2_set_pwm4_duty_cycle)
    timer2_set_pwm_frequency                 0x00001add   Thumb Code     6  pwm.o(i.timer2_set_pwm_frequency)
    timer2_set_sw_pause                      0x00001ae9   Thumb Code    22  pwm.o(i.timer2_set_sw_pause)
    timer2_stop                              0x00001b05   Thumb Code    10  pwm.o(i.timer2_stop)
    wkupct_register_callback                 0x00001b11   Thumb Code     6  wkupct_quadec.o(i.wkupct_register_callback)
    __aeabi_fmul                             0x00001b1d   Thumb Code     0  fmul.o(x$fpl$fmul)
    _fmul                                    0x00001b1d   Thumb Code   172  fmul.o(x$fpl$fmul)
    __I$use$fp                               0x00001bcc   Number         0  usenofp.o(x$fpl$usenofp)
    notes                                    0x00001bd4   Data          52  pwm_test.o(.constdata)
    Region$$Table$$Base                      0x00001d20   Number         0  anon$$obj.o(Region$$Table)
    Region$$Table$$Limit                     0x00001d40   Number         0  anon$$obj.o(Region$$Table)
    SystemFrequency                          0x00008000   Data           4  system_cmsdk.o(.data)
    SystemCoreClock                          0x00008004   Data           4  system_cmsdk.o(.data)
    dbg_adc                                  0x00008008   Data           2  battery.o(.data)
    terminate_quad_test                      0x0000800a   Data           1  quad_decoder_test.o(.data)
    quad_started                             0x0000800b   Data           1  quad_decoder_test.o(.data)
    qdec_xcnt                                0x0000800c   Data           1  quad_decoder_test.o(.data)
    qdec_ycnt                                0x0000800d   Data           1  quad_decoder_test.o(.data)
    qdec_zcnt                                0x0000800e   Data           1  quad_decoder_test.o(.data)
    qdec_new_data                            0x0000800f   Data           1  quad_decoder_test.o(.data)
    timer0_test_expiration_counter           0x00008010   Data           2  pwm_test.o(.data)
    timer2_has_started                       0x00008012   Data           1  pwm_test.o(.data)
    TIMER0_callback                          0x00008018   Data           4  pwm.o(.data)
    __libspace_start                         0x0000801c   Data          96  libspace.o(.bss)
    __temporary_stack_top$libspace           0x0000807c   Data           0  libspace.o(.bss)
    old_batt_level                           0x00008380   Data           1  battery.o(retention_mem_area0)
    wkupct_quad_IRQ_status                   0x00008384   Data           1  wkupct_quadec.o(retention_mem_area0)
    WKUPCT_callback                          0x00008388   Data           4  wkupct_quadec.o(retention_mem_area0)
    QUADDEC_callback                         0x0000838c   Data           4  wkupct_quadec.o(retention_mem_area0)
    clk_per_reg                              0x50000004   Data           4  pwm.o(.ARM.__AT_0x50000004)
    timer0_ctrl_reg                          0x50003400   Data           4  pwm.o(.ARM.__AT_0x50003400)
    triple_pwm_ctrl_reg                      0x50003410   Data           4  pwm.o(.ARM.__AT_0x50003410)



==============================================================================

Memory Map of the image

  Image Entry point : 0x000000a1

  Load Region LR_IROM1 (Base: 0x00000000, Size: 0x00001d5c, Max: 0x00008000, ABSOLUTE)

    Execution Region ER_IROM1 (Base: 0x00000000, Size: 0x00001d40, Max: 0x00008000, ABSOLUTE)

    Base Addr    Size         Type   Attr      Idx    E Section Name        Object

    0x00000000   0x000000a0   Data   RO            3    RESET               startup_cmsdk_cm0.o
    0x000000a0   0x00000008   Code   RO          711  * !!!main             c_p.l(__main.o)
    0x000000a8   0x0000003c   Code   RO          887    !!!scatter          c_p.l(__scatter.o)
    0x000000e4   0x0000001a   Code   RO          889    !!handler_copy      c_p.l(__scatter_copy.o)
    0x000000fe   0x00000002   PAD
    0x00000100   0x0000001c   Code   RO          891    !!handler_zi        c_p.l(__scatter_zi.o)
    0x0000011c   0x00000002   Code   RO          759    .ARM.Collect$$libinit$$00000000  c_p.l(libinit.o)
    0x0000011e   0x00000004   Code   RO          772    .ARM.Collect$$libinit$$00000001  c_p.l(libinit2.o)
    0x00000122   0x00000000   Code   RO          776    .ARM.Collect$$libinit$$00000008  c_p.l(libinit2.o)
    0x00000122   0x00000000   Code   RO          778    .ARM.Collect$$libinit$$0000000A  c_p.l(libinit2.o)
    0x00000122   0x00000000   Code   RO          780    .ARM.Collect$$libinit$$0000000C  c_p.l(libinit2.o)
    0x00000122   0x00000000   Code   RO          783    .ARM.Collect$$libinit$$0000000F  c_p.l(libinit2.o)
    0x00000122   0x00000000   Code   RO          785    .ARM.Collect$$libinit$$00000011  c_p.l(libinit2.o)
    0x00000122   0x00000000   Code   RO          787    .ARM.Collect$$libinit$$00000013  c_p.l(libinit2.o)
    0x00000122   0x00000000   Code   RO          789    .ARM.Collect$$libinit$$00000015  c_p.l(libinit2.o)
    0x00000122   0x00000000   Code   RO          791    .ARM.Collect$$libinit$$00000017  c_p.l(libinit2.o)
    0x00000122   0x00000000   Code   RO          793    .ARM.Collect$$libinit$$00000019  c_p.l(libinit2.o)
    0x00000122   0x00000000   Code   RO          795    .ARM.Collect$$libinit$$0000001B  c_p.l(libinit2.o)
    0x00000122   0x00000000   Code   RO          797    .ARM.Collect$$libinit$$0000001D  c_p.l(libinit2.o)
    0x00000122   0x00000000   Code   RO          799    .ARM.Collect$$libinit$$0000001F  c_p.l(libinit2.o)
    0x00000122   0x00000000   Code   RO          801    .ARM.Collect$$libinit$$00000021  c_p.l(libinit2.o)
    0x00000122   0x00000000   Code   RO          803    .ARM.Collect$$libinit$$00000023  c_p.l(libinit2.o)
    0x00000122   0x00000000   Code   RO          807    .ARM.Collect$$libinit$$0000002A  c_p.l(libinit2.o)
    0x00000122   0x00000000   Code   RO          809    .ARM.Collect$$libinit$$0000002C  c_p.l(libinit2.o)
    0x00000122   0x00000000   Code   RO          811    .ARM.Collect$$libinit$$0000002E  c_p.l(libinit2.o)
    0x00000122   0x00000000   Code   RO          813    .ARM.Collect$$libinit$$00000030  c_p.l(libinit2.o)
    0x00000122   0x00000002   Code   RO          814    .ARM.Collect$$libinit$$00000031  c_p.l(libinit2.o)
    0x00000124   0x00000002   Code   RO          845    .ARM.Collect$$libshutdown$$00000000  c_p.l(libshutdown.o)
    0x00000126   0x00000000   Code   RO          872    .ARM.Collect$$libshutdown$$00000003  c_p.l(libshutdown2.o)
    0x00000126   0x00000000   Code   RO          875    .ARM.Collect$$libshutdown$$00000006  c_p.l(libshutdown2.o)
    0x00000126   0x00000000   Code   RO          878    .ARM.Collect$$libshutdown$$00000009  c_p.l(libshutdown2.o)
    0x00000126   0x00000000   Code   RO          880    .ARM.Collect$$libshutdown$$0000000B  c_p.l(libshutdown2.o)
    0x00000126   0x00000000   Code   RO          883    .ARM.Collect$$libshutdown$$0000000E  c_p.l(libshutdown2.o)
    0x00000126   0x00000002   Code   RO          884    .ARM.Collect$$libshutdown$$0000000F  c_p.l(libshutdown2.o)
    0x00000128   0x00000000   Code   RO          722    .ARM.Collect$$rtentry$$00000000  c_p.l(rtentry.o)
    0x00000128   0x00000000   Code   RO          729    .ARM.Collect$$rtentry$$00000002  c_p.l(rtentry2.o)
    0x00000128   0x00000006   Code   RO          741    .ARM.Collect$$rtentry$$00000004  c_p.l(rtentry4.o)
    0x0000012e   0x00000000   Code   RO          731    .ARM.Collect$$rtentry$$00000009  c_p.l(rtentry2.o)
    0x0000012e   0x00000004   Code   RO          732    .ARM.Collect$$rtentry$$0000000A  c_p.l(rtentry2.o)
    0x00000132   0x00000000   Code   RO          734    .ARM.Collect$$rtentry$$0000000C  c_p.l(rtentry2.o)
    0x00000132   0x00000008   Code   RO          735    .ARM.Collect$$rtentry$$0000000D  c_p.l(rtentry2.o)
    0x0000013a   0x00000002   Code   RO          764    .ARM.Collect$$rtexit$$00000000  c_p.l(rtexit.o)
    0x0000013c   0x00000000   Code   RO          818    .ARM.Collect$$rtexit$$00000002  c_p.l(rtexit2.o)
    0x0000013c   0x00000004   Code   RO          819    .ARM.Collect$$rtexit$$00000003  c_p.l(rtexit2.o)
    0x00000140   0x00000006   Code   RO          820    .ARM.Collect$$rtexit$$00000004  c_p.l(rtexit2.o)
    0x00000146   0x00000002   PAD
    0x00000148   0x00000038   Code   RO            4    .text               startup_cmsdk_cm0.o
    0x00000180   0x00000018   Code   RO           10    .text               system_cmsdk.o
    0x00000198   0x00000134   Code   RO           31    .text               peripherals.o
    0x000002cc   0x0000007c   Code   RO          200    .text               adc.o
    0x00000348   0x00000178   Code   RO          328    .text               uart.o
    0x000004c0   0x00000174   Code   RO          346    .text               battery.o
    0x00000634   0x000004dc   Code   RO          370    .text               da14580_examples.o
    0x00000b10   0x000002b8   Code   RO          412    .text               quad_decoder_test.o
    0x00000dc8   0x000002b8   Code   RO          442    .text               wkupct_quadec.o
    0x00001080   0x00000354   Code   RO          510    .text               pwm_test.o
    0x000013d4   0x0000012c   Code   RO          535    .text               pwm.o
    0x00001500   0x00000004   Code   RO          674    .text               per_ex_hard_fault.o
    0x00001504   0x0000001e   Code   RO          685    .text               sw_cursor.o
    0x00001522   0x0000015a   Code   RO          705    .text               c_p.l(aeabi_sdiv.o)
    0x0000167c   0x00000006   Code   RO          709    .text               c_p.l(heapauxi.o)
    0x00001682   0x00000002   PAD
    0x00001684   0x00000160   Code   RO          713    .text               fz_ps.l(fdiv.o)
    0x000017e4   0x00000030   Code   RO          716    .text               fz_ps.l(ffixui.o)
    0x00001814   0x0000005e   Code   RO          718    .text               fz_ps.l(fflti.o)
    0x00001872   0x0000003e   Code   RO          745    .text               c_p.l(sys_stackheap_outer.o)
    0x000018b0   0x0000000c   Code   RO          748    .text               c_p.l(exit.o)
    0x000018bc   0x00000008   Code   RO          760    .text               c_p.l(libspace.o)
    0x000018c4   0x0000000c   Code   RO          815    .text               c_p.l(sys_exit.o)
    0x000018d0   0x00000002   Code   RO          834    .text               c_p.l(use_no_semi.o)
    0x000018d2   0x00000000   Code   RO          836    .text               c_p.l(indicate_semi.o)
    0x000018d2   0x00000032   Code   RO          278    i.GPIO_ConfigurePin  gpio.o
    0x00001904   0x0000001c   Code   RO          272    i.GPIO_SetActive    gpio.o
    0x00001920   0x0000001c   Code   RO          266    i.GPIO_SetInactive  gpio.o
    0x0000193c   0x00000020   Code   RO          260    i.GPIO_SetPinFunction  gpio.o
    0x0000195c   0x00000034   Code   RO          481    i.quad_decoder_disable_irq  wkupct_quadec.o
    0x00001990   0x0000005c   Code   RO          487    i.quad_decoder_enable_irq  wkupct_quadec.o
    0x000019ec   0x0000000c   Code   RO          470    i.quad_decoder_get_x_counter  wkupct_quadec.o
    0x000019f8   0x00000018   Code   RO          562    i.set_tmr_div       pwm.o
    0x00001a10   0x0000001c   Code   RO          556    i.set_tmr_enable    pwm.o
    0x00001a2c   0x0000000c   Code   RO          603    i.timer0_register_callback  pwm.o
    0x00001a38   0x0000000c   Code   RO          591    i.timer0_set_pwm_high_counter  pwm.o
    0x00001a44   0x0000000c   Code   RO          597    i.timer0_set_pwm_low_counter  pwm.o
    0x00001a50   0x0000000c   Code   RO          585    i.timer0_set_pwm_on_counter  pwm.o
    0x00001a5c   0x00000014   Code   RO          568    i.timer0_start      pwm.o
    0x00001a70   0x00000014   Code   RO          574    i.timer0_stop       pwm.o
    0x00001a84   0x00000018   Code   RO          609    i.timer2_enable     pwm.o
    0x00001a9c   0x0000001c   Code   RO          614    i.timer2_set_hw_pause  pwm.o
    0x00001ab8   0x0000000c   Code   RO          635    i.timer2_set_pwm2_duty_cycle  pwm.o
    0x00001ac4   0x0000000c   Code   RO          641    i.timer2_set_pwm3_duty_cycle  pwm.o
    0x00001ad0   0x0000000c   Code   RO          647    i.timer2_set_pwm4_duty_cycle  pwm.o
    0x00001adc   0x0000000c   Code   RO          624    i.timer2_set_pwm_frequency  pwm.o
    0x00001ae8   0x0000001c   Code   RO          619    i.timer2_set_sw_pause  pwm.o
    0x00001b04   0x0000000a   Code   RO          629    i.timer2_stop       pwm.o
    0x00001b0e   0x00000002   PAD
    0x00001b10   0x0000000c   Code   RO          475    i.wkupct_register_callback  wkupct_quadec.o
    0x00001b1c   0x000000b0   Code   RO          720    x$fpl$fmul          fz_ps.l(fmul.o)
    0x00001bcc   0x00000000   Code   RO          727    x$fpl$usenofp       fz_ps.l(usenofp.o)
    0x00001bcc   0x00000008   Data   RO          413    .constdata          quad_decoder_test.o
    0x00001bd4   0x00000034   Data   RO          511    .constdata          pwm_test.o
    0x00001c08   0x00000040   Data   RO          714    .constdata          fz_ps.l(fdiv.o)
    0x00001c48   0x0000008f   Data   RO          371    .conststring        da14580_examples.o
    0x00001cd7   0x00000001   PAD
    0x00001cd8   0x00000045   Data   RO          512    .conststring        pwm_test.o
    0x00001d1d   0x00000003   PAD
    0x00001d20   0x00000020   Data   RO          885    Region$$Table       anon$$obj.o


    Execution Region RW_IRAM1 (Base: 0x00008000, Size: 0x00000390, Max: 0x00002800, ABSOLUTE)

    Base Addr    Size         Type   Attr      Idx    E Section Name        Object

    0x00008000   0x00000008   Data   RW           11    .data               system_cmsdk.o
    0x00008008   0x00000002   Data   RW          347    .data               battery.o
    0x0000800a   0x00000006   Data   RW          414    .data               quad_decoder_test.o
    0x00008010   0x00000005   Data   RW          513    .data               pwm_test.o
    0x00008015   0x00000003   PAD
    0x00008018   0x00000004   Data   RW          539    .data               pwm.o
    0x0000801c   0x00000060   Zero   RW          761    .bss                c_p.l(libspace.o)
    0x0000807c   0x00000004   PAD
    0x00008080   0x00000100   Zero   RW            2    HEAP                startup_cmsdk_cm0.o
    0x00008180   0x00000200   Zero   RW            1    STACK               startup_cmsdk_cm0.o
    0x00008380   0x00000001   Zero   RW          348    retention_mem_area0  battery.o
    0x00008381   0x00000003   PAD
    0x00008384   0x0000000c   Zero   RW          443    retention_mem_area0  wkupct_quadec.o



  Load Region LR$$.ARM.__AT_0x50000004 (Base: 0x50000004, Size: 0x00000000, Max: 0x00000004, ABSOLUTE)

    Execution Region ER$$.ARM.__AT_0x50000004 (Base: 0x50000004, Size: 0x00000004, Max: 0x00000004, ABSOLUTE, UNINIT)

    Base Addr    Size         Type   Attr      Idx    E Section Name        Object

    0x50000004   0x00000004   Zero   RW          536    .ARM.__AT_0x50000004  pwm.o



  Load Region LR$$.ARM.__AT_0x50003400 (Base: 0x50003400, Size: 0x00000000, Max: 0x00000004, ABSOLUTE)

    Execution Region ER$$.ARM.__AT_0x50003400 (Base: 0x50003400, Size: 0x00000004, Max: 0x00000004, ABSOLUTE, UNINIT)

    Base Addr    Size         Type   Attr      Idx    E Section Name        Object

    0x50003400   0x00000004   Zero   RW          537    .ARM.__AT_0x50003400  pwm.o



  Load Region LR$$.ARM.__AT_0x50003410 (Base: 0x50003410, Size: 0x00000000, Max: 0x00000004, ABSOLUTE)

    Execution Region ER$$.ARM.__AT_0x50003410 (Base: 0x50003410, Size: 0x00000004, Max: 0x00000004, ABSOLUTE, UNINIT)

    Base Addr    Size         Type   Attr      Idx    E Section Name        Object

    0x50003410   0x00000004   Zero   RW          538    .ARM.__AT_0x50003410  pwm.o


==============================================================================

Image component sizes


      Code (inc. data)   RO Data    RW Data    ZI Data      Debug   Object Name

       124         10          0          0          0       1005   adc.o
       372         32          0          2          1       1475   battery.o
      1244        836        143          0          0       2605   da14580_examples.o
       138         12          0          0          0       3850   gpio.o
         4          0          0          0          0        396   per_ex_hard_fault.o
       308          6          0          0          0      90092   peripherals.o
       578        104          0          4         12      17412   pwm.o
       852        432        121          5          0       1652   pwm_test.o
       696        356          8          6          0       3918   quad_decoder_test.o
        56         26        160          0        768        624   startup_cmsdk_cm0.o
        30          0          0          0          0        428   sw_cursor.o
        24          8          0          8          0       5033   system_cmsdk.o
       376        108          0          0          0       1658   uart.o
       864         58          0          0         12      12686   wkupct_quadec.o

    ----------------------------------------------------------------------
      5668       1988        468         28        796     142834   Object Totals
         0          0         32          0          0          0   (incl. Generated)
         2          0          4          3          3          0   (incl. Padding)

    ----------------------------------------------------------------------

      Code (inc. data)   RO Data    RW Data    ZI Data      Debug   Library Member Name

         8          0          0          0          0         68   __main.o
        60          8          0          0          0          0   __scatter.o
        26          0          0          0          0          0   __scatter_copy.o
        28          0          0          0          0          0   __scatter_zi.o
       346          0          0          0          0         92   aeabi_sdiv.o
        12          0          0          0          0         64   exit.o
         6          0          0          0          0        136   heapauxi.o
         0          0          0          0          0          0   indicate_semi.o
         2          0          0          0          0          0   libinit.o
         6          0          0          0          0          0   libinit2.o
         2          0          0          0          0          0   libshutdown.o
         2          0          0          0          0          0   libshutdown2.o
         8          4          0          0         96         68   libspace.o
         0          0          0          0          0          0   rtentry.o
        12          0          0          0          0          0   rtentry2.o
         6          0          0          0          0          0   rtentry4.o
         2          0          0          0          0          0   rtexit.o
        10          0          0          0          0          0   rtexit2.o
        12          4          0          0          0         60   sys_exit.o
        62          0          0          0          0         80   sys_stackheap_outer.o
         2          0          0          0          0         68   use_no_semi.o
       352          8         64          0          0         88   fdiv.o
        48          0          0          0          0         60   ffixui.o
        94          0          0          0          0         92   fflti.o
       176          4          0          0          0         80   fmul.o
         0          0          0          0          0          0   usenofp.o

    ----------------------------------------------------------------------
      1288         28         64          0        100        956   Library Totals
         6          0          0          0          4          0   (incl. Padding)

    ----------------------------------------------------------------------

      Code (inc. data)   RO Data    RW Data    ZI Data      Debug   Library Name

       612         16          0          0         96        636   c_p.l
       670         12         64          0          0        320   fz_ps.l

    ----------------------------------------------------------------------
      1288         28         64          0        100        956   Library Totals

    ----------------------------------------------------------------------

==============================================================================


      Code (inc. data)   RO Data    RW Data    ZI Data      Debug   

      6956       2016        532         28        896     141702   Grand Totals
      6956       2016        532         28        896     141702   ELF Image Totals
      6956       2016        532         28          0          0   ROM Totals

==============================================================================

    Total RO  Size (Code + RO Data)                 7488 (   7.31kB)
    Total RW  Size (RW Data + ZI Data)               924 (   0.90kB)
    Total ROM Size (Code + RO Data + RW Data)       7516 (   7.34kB)

==============================================================================

