Product: MDK-ARM Lite 5.10
Component: ARM Compiler 5.04 update 1 (build 49)
Tool: armlink [5040049]

==============================================================================

Section Cross References

    boot_vectors.o(RESET) refers to boot_vectors.o(STACK) for __initial_sp
    boot_vectors.o(RESET) refers to boot_vectors.o(.text) for Reset_Handler
    boot_vectors.o(RESET) refers to rwble.o(.text) for BLE_WAKEUP_LP_Handler
    boot_vectors.o(RESET) refers to wkupct_quadec.o(.text) for WKUP_QUADEC_Handler
    boot_vectors.o(.text) refers to system_armcm0.o(.text) for SystemInit
    boot_vectors.o(.text) refers to entry.o(.ARM.Collect$$$$00000000) for __main
    boot_vectors.o(.text) refers to nmi_handler.o(.text) for NMI_HandlerC
    boot_vectors.o(.text) refers to hardfault_handler.o(.text) for HardFault_HandlerC
    boot_vectors.o(.text) refers to arch_main.o(.text) for SVC_Handler_c
    arch_main.o(.text) refers to arch_system.o(.text) for set_sleep_delay
    arch_main.o(.text) refers to gpio.o(i.GPIO_init) for GPIO_init
    arch_main.o(.text) refers to periph_setup.o(.text) for periph_init
    arch_main.o(.text) refers to nvds.o(.text) for nvds_read_bdaddr_from_otp
    arch_main.o(.text) refers to rf_580.o(.text) for iq_trim_from_otp
    arch_main.o(.text) refers to arch_sleep.o(.text) for app_set_extended_sleep
    arch_main.o(.text) refers to app.o(.text) for app_init
    arch_main.o(.text) refers to rwip.o(.text) for rwip_sleep
    arch_main.o(.text) refers to arch_main.o(.constdata) for .constdata
    arch_main.o(.text) refers to arch_main.o(retention_mem_area0) for retention_mem_area0
    arch_main.o(.text) refers to arch_main.o(.ARM.__AT_0x00082A20) for .ARM.__AT_0x00082A20
    arch_main.o(.text) refers to arch_system.o(retention_mem_area0) for lp_clk_sel
    arch_main.o(.text) refers to jump_table.o(jump_table_mem_area) for jump_table_base
    arch_main.o(.constdata) refers to arch_main.o(.text) for cmp_abs_time
    arch_main.o(.constdata) refers to atts_task.obj(.text) for l2cc_pdu_recv_ind_handler
    arch_main.o(.constdata) refers to smpc.obj(.text) for smpc_send_pairing_req_ind
    arch_main.o(.constdata) refers to smpc_task.obj(.text) for smpc_pairing_cfm_handler
    arch_main.o(.constdata) refers to ch_map.obj(.text) for my_llc_con_update_req_ind
    arch_main.o(.constdata) refers to gapm_util.obj(.text) for patched_gapm_adv_op_sanity
    jump_table.o(jump_table_mem_area) refers to arch_main.o(.text) for main_func
    jump_table.o(jump_table_mem_area) refers to rf_580.o(.text) for rf_init_func
    jump_table.o(jump_table_mem_area) refers to prf_utils.o(.text) for prf_init_func
    jump_table.o(jump_table_mem_area) refers to arch_system.o(.text) for uart_flow_off_func
    jump_table.o(jump_table_mem_area) refers to rwble.o(.text) for lld_sleep_compensate_func_patched
    jump_table.o(jump_table_mem_area) refers to jump_table.o(heap_mem_area_not_ret) for rwip_heap_non_ret
    jump_table.o(jump_table_mem_area) refers to jump_table.o(heap_env_area) for rwip_heap_env_ret
    jump_table.o(jump_table_mem_area) refers to jump_table.o(heap_db_area) for rwip_heap_db_ret
    jump_table.o(jump_table_mem_area) refers to jump_table.o(heap_msg_area) for rwip_heap_msg_ret
    jump_table.o(jump_table_mem_area) refers to ke_task.obj(.text) for ke_task_init_func
    jump_table.o(jump_table_mem_area) refers to nvds.o(.text) for custom_nvds_get_func
    jump_table.o(jump_table_mem_area) refers to arch_main.o(.constdata) for LUT_CFG
    arch_sleep.o(.text) refers to arch_sleep.o(retention_mem_area0) for retention_mem_area0
    arch_sleep.o(.text) refers to rwble.o(retention_mem_area0) for rwble_last_event
    periph_setup.o(.text) refers to gpio.o(i.GPIO_ConfigurePin) for GPIO_ConfigurePin
    periph_setup.o(.text) refers to arch_main.o(.text) for patch_func
    periph_setup.o(.text) refers to app_proxr.o(.text) for app_proxr_port_reinit
    periph_setup.o(.text) refers to app_proxr_proj.o(.text) for app_button_enable
    periph_setup.o(.text) refers to app_sample128.o(.text) for app_sample128_start_leds
    periph_setup.o(.text) refers to gpio.o(.bss) for GPIO
    arch_system.o(.text) refers to ffltui.o(.text) for __aeabi_ui2f
    arch_system.o(.text) refers to fdiv.o(.text) for __aeabi_fdiv
    arch_system.o(.text) refers to fscalb.o(.text) for __ARM_scalbnf
    arch_system.o(.text) refers to ffixui.o(.text) for __aeabi_f2uiz
    arch_system.o(.text) refers to f2d.o(.text) for __aeabi_f2d
    arch_system.o(.text) refers to d2f.o(.text) for __aeabi_d2f
    arch_system.o(.text) refers to arch_system.o(retention_mem_area0) for retention_mem_area0
    rf_580.o(.text) refers to arch_system.o(retention_mem_area0) for lp_clk_sel
    rf_580.o(.text) refers to jump_table.o(jump_table_mem_area) for jump_table_base
    wkupct_quadec.o(.text) refers to wkupct_quadec.o(retention_mem_area0) for retention_mem_area0
    battery.o(.text) refers to fflti.o(.text) for __aeabi_i2f
[...]
    lld_sleep_init_func                      0x200005ff   Thumb Code    26  arch_main.o(.text)
    main_func                                0x20000619   Thumb Code   646  arch_main.o(.text)
    dummyf                                   0x2000093d   Thumb Code     2  jump_table.o(.text)
    app_disable_sleep                        0x20000941   Thumb Code    26  arch_sleep.o(.text)
    app_set_extended_sleep                   0x2000095b   Thumb Code    26  arch_sleep.o(.text)
    app_set_deep_sleep                       0x20000975   Thumb Code    28  arch_sleep.o(.text)
    app_restore_sleep_mode                   0x20000991   Thumb Code    68  arch_sleep.o(.text)
    app_force_active_mode                    0x200009d5   Thumb Code    30  arch_sleep.o(.text)
    app_ble_ext_wakeup_on                    0x200009f3   Thumb Code     8  arch_sleep.o(.text)
    app_ble_ext_wakeup_off                   0x200009fb   Thumb Code     8  arch_sleep.o(.text)
    app_ble_ext_wakeup_get                   0x20000a03   Thumb Code     6  arch_sleep.o(.text)
    app_last_rwble_evt_get                   0x20000a09   Thumb Code     6  arch_sleep.o(.text)
    NMI_HandlerC                             0x20000a21   Thumb Code   124  nmi_handler.o(.text)
    GPIO_reservations                        0x20000aad   Thumb Code   324  periph_setup.o(.text)
    set_pad_functions                        0x20000bf1   Thumb Code   140  periph_setup.o(.text)
    periph_init                              0x20000c7d   Thumb Code    66  periph_setup.o(.text)
    select_lp_clk                            0x20000ccd   Thumb Code     8  arch_system.o(.text)
    init_pwr_and_clk_ble                     0x20000cd5   Thumb Code   210  arch_system.o(.text)
    set_pxact_gpio                           0x20000da7   Thumb Code    24  arch_system.o(.text)
    calibrate_rcx20                          0x20000dbf   Thumb Code    28  arch_system.o(.text)
    read_rcx_freq                            0x20000ddb   Thumb Code   104  arch_system.o(.text)
    set_sleep_delay                          0x20000e43   Thumb Code    42  arch_system.o(.text)
    conditionally_run_radio_cals             0x20000e6d   Thumb Code    82  arch_system.o(.text)
    lld_sleep_us_2_lpcycles_rcx_func         0x20000ebf   Thumb Code    18  arch_system.o(.text)
    lld_sleep_lpcycles_2_us_rcx_func         0x20000ed1   Thumb Code    14  arch_system.o(.text)
    lld_sleep_us_2_lpcycles_sel_func         0x20000edf   Thumb Code    24  arch_system.o(.text)
    lld_sleep_lpcycles_2_us_sel_func         0x20000ef7   Thumb Code    24  arch_system.o(.text)
    uart_flow_off_func                       0x20000f0f   Thumb Code    58  arch_system.o(.text)
    iq_trim_from_otp                         0x20000f89   Thumb Code    54  rf_580.o(.text)
    rf_reg_rd                                0x20000fbf   Thumb Code     4  rf_580.o(.text)
    rf_reg_wr                                0x20000fc3   Thumb Code     2  rf_580.o(.text)
    rf_reset                                 0x20000fc5   Thumb Code     2  rf_580.o(.text)
    rf_force_agc_enable                      0x20000fc7   Thumb Code     2  rf_580.o(.text)
    rf_txpwr_dbm_get                         0x20000fc9   Thumb Code     4  rf_580.o(.text)
    rf_regs                                  0x20000fdd   Thumb Code   214  rf_580.o(.text)
    rf_init_func                             0x200010b5   Thumb Code   138  rf_580.o(.text)
    rf_reinit_func                           0x2000113f   Thumb Code   188  rf_580.o(.text)
    wkupct_quad_disable_IRQ                  0x200012ad   Thumb Code    26  wkupct_quadec.o(.text)
    WKUP_QUADEC_Handler                      0x200012c7   Thumb Code    52  wkupct_quadec.o(.text)
    wkupct_enable_irq                        0x200012fb   Thumb Code   136  wkupct_quadec.o(.text)
    wkupct_disable_irq                       0x20001383   Thumb Code    26  wkupct_quadec.o(.text)
    batt_cal_cr2032                          0x200013b1   Thumb Code   138  battery.o(.text)
    batt_cal_cr1225                          0x2000143b   Thumb Code    34  battery.o(.text)
    battery_get_lvl                          0x2000145d   Thumb Code    94  battery.o(.text)
    adc_init                                 0x200014e1   Thumb Code    26  adc.o(.text)
    adc_enable_channel                       0x200014fb   Thumb Code    20  adc.o(.text)
    adc_disable                              0x2000150f   Thumb Code     8  adc.o(.text)
    adc_get_sample                           0x20001517   Thumb Code    30  adc.o(.text)
    spi_flash_init                           0x20001541   Thumb Code     6  spi_flash.o(.text)
    spi_flash_read_status_reg                0x20001547   Thumb Code    20  spi_flash.o(.text)
    spi_flash_wait_till_ready                0x2000155b   Thumb Code    26  spi_flash.o(.text)
    spi_flash_set_write_enable               0x20001575   Thumb Code    60  spi_flash.o(.text)
    spi_flash_write_enable_volatile          0x200015b1   Thumb Code    60  spi_flash.o(.text)
    spi_flash_set_write_disable              0x200015ed   Thumb Code    52  spi_flash.o(.text)
    spi_flash_write_status_reg               0x20001621   Thumb Code    32  spi_flash.o(.text)
    spi_flash_read_data                      0x20001641   Thumb Code    86  spi_flash.o(.text)
    spi_flash_page_program                   0x20001697   Thumb Code    90  spi_flash.o(.text)
    spi_flash_block_erase                    0x200016f1   Thumb Code    40  spi_flash.o(.text)
    spi_flash_chip_erase                     0x20001719   Thumb Code    36  spi_flash.o(.text)
    TO_BE_IMPLEMENTED_spi_flash_check_erase  0x2000173d   Thumb Code     6  spi_flash.o(.text)
    spi_read_flash_memory_man_and_dev_id     0x20001743   Thumb Code    50  spi_flash.o(.text)
    spi_read_flash_unique_id                 0x20001775   Thumb Code    72  spi_flash.o(.text)
    spi_read_flash_jedec_id                  0x200017bd   Thumb Code    60  spi_flash.o(.text)
    spi_flash_write_data                     0x200017f9   Thumb Code   110  spi_flash.o(.text)
    spi_flash_power_down                     0x20001867   Thumb Code    24  spi_flash.o(.text)
    spi_flash_release_from_power_down        0x2000187f   Thumb Code    18  spi_flash.o(.text)
    spi_flash_configure_memory_protection    0x20001891   Thumb Code    40  spi_flash.o(.text)
    spi_flash_chip_erase_forced              0x200018b9   Thumb Code    36  spi_flash.o(.text)
    spi_flash_page_fill                      0x200018dd   Thumb Code   100  spi_flash.o(.text)
    spi_flash_fill                           0x20001941   Thumb Code   106  spi_flash.o(.text)
    spi_cs_low                               0x200019b1   Thumb Code    14  spi.o(.text)
    spi_cs_high                              0x200019bf   Thumb Code    14  spi.o(.text)
    spi_init                                 0x200019cd   Thumb Code   138  spi.o(.text)
    spi_set_bitmode                          0x20001a57   Thumb Code    34  spi.o(.text)
    spi_release                              0x20001a79   Thumb Code    38  spi.o(.text)
    spi_disable                              0x20001a9f   Thumb Code    12  spi.o(.text)
    spi_access                               0x20001aab   Thumb Code    46  spi.o(.text)
    spi_transaction                          0x20001ad9   Thumb Code    24  spi.o(.text)
    i2c_eeprom_init                          0x20001af9   Thumb Code    76  i2c_eeprom.o(.text)
    i2c_eeprom_release                       0x20001b45   Thumb Code    20  i2c_eeprom.o(.text)
    i2c_wait_until_eeprom_ready              0x20001b59   Thumb Code    42  i2c_eeprom.o(.text)
    i2c_send_address                         0x20001b83   Thumb Code    66  i2c_eeprom.o(.text)
    i2c_eeprom_read_byte                     0x20001bc5   Thumb Code    50  i2c_eeprom.o(.text)
    i2c_eeprom_read_data                     0x20001c55   Thumb Code    68  i2c_eeprom.o(.text)
    i2c_eeprom_write_byte                    0x20001c99   Thumb Code    44  i2c_eeprom.o(.text)
    i2c_eeprom_write_page                    0x20001cc5   Thumb Code   110  i2c_eeprom.o(.text)
    i2c_eeprom_write_data                    0x20001d33   Thumb Code    54  i2c_eeprom.o(.text)
    ke_task_init_func                        0x20001e03   Thumb Code    20  ke_task.obj(.text)
    my_llc_con_update_req_ind                0x20001e29   Thumb Code   100  ch_map.obj(.text)
    my_llc_ch_map_req_ind                    0x20001e8d   Thumb Code    84  ch_map.obj(.text)
    l2cc_pdu_recv_ind_handler                0x20001eed   Thumb Code   232  atts_task.obj(.text)
    smpc_send_pairing_req_ind                0x20001fd9   Thumb Code   190  smpc.obj(.text)
    smpc_check_pairing_feat                  0x20002097   Thumb Code    38  smpc.obj(.text)
    smpc_pairing_cfm_handler                 0x200020c5   Thumb Code   518  smpc_task.obj(.text)
    patched_gapm_adv_op_sanity               0x200022d1   Thumb Code   208  gapm_util.obj(.text)
    custom_nvds_get_func                     0x20002451   Thumb Code   552  nvds.o(.text)
    nvds_read_bdaddr_from_otp                0x20002679   Thumb Code    50  nvds.o(.text)
    rwip_sleep                               0x200026c9   Thumb Code   338  rwip.o(.text)
    BLE_WAKEUP_LP_Handler                    0x20002849   Thumb Code   128  rwble.o(.text)
    lld_sleep_compensate_func_patched        0x200028c9   Thumb Code    46  rwble.o(.text)
    BLE_SLP_Handler                          0x200028f7   Thumb Code    74  rwble.o(.text)
    BLE_RX_Handler                           0x20002941   Thumb Code     8  rwble.o(.text)
    BLE_EVENT_Handler                        0x20002949   Thumb Code    24  rwble.o(.text)
    BLE_RF_DIAG_Handler                      0x20002961   Thumb Code    72  rwble.o(.text)
    bass_init                                0x200029d1   Thumb Code    28  bass.o(.text)
    bass_batt_level_upd_cfm_send             0x200029ed   Thumb Code    38  bass.o(.text)
    bass_disable                             0x20002a13   Thumb Code   114  bass.o(.text)
    diss_init                                0x20002da5   Thumb Code    28  diss.o(.text)
    diss_compute_cfg_flag                    0x20002dc1   Thumb Code    38  diss.o(.text)
    diss_check_val_len                       0x20002de7   Thumb Code    42  diss.o(.text)
    diss_disable                             0x20002e11   Thumb Code    42  diss.o(.text)
    proxr_init                               0x20002f45   Thumb Code    28  proxr.o(.text)
    proxr_alert_start                        0x20002f61   Thumb Code    34  proxr.o(.text)
    proxr_disable                            0x20002f83   Thumb Code    92  proxr.o(.text)
    prf_pack_char_pres_fmt                   0x200031a1   Thumb Code    30  prf_utils.o(.text)
    prf_read_char_send                       0x200031bf   Thumb Code    42  prf_utils.o(.text)
    prf_register_atthdl2gatt                 0x200031e9   Thumb Code    46  prf_utils.o(.text)
    prf_unregister_atthdl2gatt               0x20003217   Thumb Code    46  prf_utils.o(.text)
    prf_disc_svc_send                        0x20003245   Thumb Code    54  prf_utils.o(.text)
    prf_disc_incl_svc_send                   0x2000327b   Thumb Code    50  prf_utils.o(.text)
    prf_disc_char_all_send                   0x200032ad   Thumb Code    50  prf_utils.o(.text)
    prf_disc_char_desc_send                  0x200032df   Thumb Code    98  prf_utils.o(.text)
    prf_gatt_write                           0x20003341   Thumb Code    72  prf_utils.o(.text)
    prf_gatt_write_ntf_ind                   0x20003389   Thumb Code    24  prf_utils.o(.text)
    prf_check_svc_char_validity              0x200033a1   Thumb Code    64  prf_utils.o(.text)
    prf_check_svc_char_desc_validity         0x200033e1   Thumb Code    56  prf_utils.o(.text)
    prf_search_chars                         0x20003419   Thumb Code    98  prf_utils.o(.text)
    prf_search_descs                         0x2000347b   Thumb Code    66  prf_utils.o(.text)
    prf_client_disable                       0x200034f9   Thumb Code    74  prf_utils.o(.text)
    prf_client_get_env                       0x20003543   Thumb Code    16  prf_utils.o(.text)
    prf_client_disable_ind_send              0x20003553   Thumb Code    80  prf_utils.o(.text)
    prf_client_enable                        0x200035a3   Thumb Code    86  prf_utils.o(.text)
    prf_client_reset                         0x200035f9   Thumb Code    80  prf_utils.o(.text)
    prf_client_enable_error                  0x20003649   Thumb Code    42  prf_utils.o(.text)
    prf_client_att_info_rsp                  0x20003673   Thumb Code    82  prf_utils.o(.text)
    prf_server_error_ind_send                0x200036c5   Thumb Code    44  prf_utils.o(.text)
    prf_server_send_event                    0x200036f1   Thumb Code    42  prf_utils.o(.text)
    prf_pack_date_time                       0x2000371b   Thumb Code    32  prf_utils.o(.text)
    prf_unpack_date_time                     0x2000373b   Thumb Code    34  prf_utils.o(.text)
    prf_init_func                            0x2000375d   Thumb Code    28  prf_utils.o(.text)
    prf_cleanup_func                         0x20003779   Thumb Code   146  prf_utils.o(.text)
    findl_init                               0x20003881   Thumb Code    20  findl.o(.text)
    findl_enable_cfm_send                    0x20003895   Thumb Code    82  findl.o(.text)
    findl_error_ind_send                     0x200038e7   Thumb Code    40  findl.o(.text)
    spotar_init                              0x20003acd   Thumb Code    28  spotar.o(.text)
    spotar_patched_data_rcved                0x20003ae9   Thumb Code    38  spotar.o(.text)
    spotar_disable                           0x20003b0f   Thumb Code    44  spotar.o(.text)
    sample128_init                           0x20003fa5   Thumb Code    28  sample128.o(.text)
    sample128_send_val                       0x20003fc1   Thumb Code    38  sample128.o(.text)
    sample128_disable                        0x20003fe7   Thumb Code    66  sample128.o(.text)
    sample128_upd_char2_cfm_send             0x20004029   Thumb Code    28  sample128.o(.text)
    app_init                                 0x200042d5   Thumb Code    62  app.o(.text)
    app_db_init                              0x20004313   Thumb Code     8  app.o(.text)
    app_disconnect                           0x2000431b   Thumb Code    34  app.o(.text)
    app_connect_confirm                      0x2000433d   Thumb Code    42  app.o(.text)
    app_adv_start                            0x20004367   Thumb Code    36  app.o(.text)
    app_adv_stop                             0x2000438b   Thumb Code    26  app.o(.text)
    app_param_update_start                   0x200043a5   Thumb Code     8  app.o(.text)
    app_timer_set                            0x200043ad   Thumb Code    24  app.o(.text)
    app_connect                              0x200043c5   Thumb Code    62  app.o(.text)
    app_sec_gen_tk                           0x20004419   Thumb Code    18  app_sec.o(.text)
    app_sec_gen_ltk                          0x2000442b   Thumb Code    74  app_sec.o(.text)
    app_sec_init                             0x20004475   Thumb Code    16  app_sec.o(.text)
    app_security_start                       0x20004485   Thumb Code    46  app_sec.o(.text)
    gapc_bond_req_ind_handler                0x200044c9   Thumb Code    82  app_sec_task.o(.text)
    gapc_bond_ind_handler                    0x2000451b   Thumb Code    66  app_sec_task.o(.text)
    gapc_encrypt_req_ind_handler             0x2000455d   Thumb Code   120  app_sec_task.o(.text)
    gapc_encrypt_ind_handler                 0x200045d5   Thumb Code    10  app_sec_task.o(.text)
    gapm_device_ready_ind_handler            0x200045ed   Thumb Code    36  app_task.o(.text)
    gapm_cmp_evt_handler                     0x20004611   Thumb Code   130  app_task.o(.text)
    gapc_connection_req_ind_handler          0x20004693   Thumb Code    32  app_task.o(.text)
    gapc_cmp_evt_handler                     0x200046b3   Thumb Code    50  app_task.o(.text)
    gapc_disconnect_ind_handler              0x200046e5   Thumb Code    12  app_task.o(.text)
    app_module_init_cmp_evt_handler          0x200046f1   Thumb Code    36  app_task.o(.text)
    gapm_adv_report_ind_handler              0x20004715   Thumb Code    12  app_task.o(.text)
    app_batt_create_db                       0x20004729   Thumb Code    30  app_batt.o(.text)
    app_batt_init                            0x20004747   Thumb Code    14  app_batt.o(.text)
    app_batt_enable                          0x20004755   Thumb Code    70  app_batt.o(.text)
    app_batt_alert_start                     0x2000479b   Thumb Code    36  app_batt.o(.text)
    app_batt_set_level                       0x200047bf   Thumb Code    36  app_batt.o(.text)
    app_batt_lvl                             0x200047e3   Thumb Code    42  app_batt.o(.text)
    app_batt_poll_start                      0x2000480d   Thumb Code    20  app_batt.o(.text)
    app_batt_poll_stop                       0x20004821   Thumb Code    14  app_batt.o(.text)
    app_batt_alert_stop                      0x2000482f   Thumb Code    34  app_batt.o(.text)
    app_batt_port_reinit                     0x20004851   Thumb Code    32  app_batt.o(.text)
    batt_create_db_cfm_handler               0x20004885   Thumb Code    28  app_batt_task.o(.text)
    batt_level_upd_cfm_handler               0x200048a1   Thumb Code     4  app_batt_task.o(.text)
    batt_level_ntf_cfg_ind_handler           0x200048a5   Thumb Code     4  app_batt_task.o(.text)
    app_batt_timer_handler                   0x200048a9   Thumb Code    24  app_batt_task.o(.text)
    app_batt_alert_timer_handler             0x200048c1   Thumb Code    66  app_batt_task.o(.text)
    app_findl_init                           0x2000491d   Thumb Code     2  app_findme.o(.text)
    app_findl_enable                         0x2000491f   Thumb Code    30  app_findme.o(.text)
    app_findl_set_alert                      0x2000493d   Thumb Code    30  app_findme.o(.text)
    findl_enable_cfm_handler                 0x20004965   Thumb Code     4  app_findme_task.o(.text)
    app_proxr_init                           0x20004969   Thumb Code     8  app_proxr.o(.text)
    app_proxr_alert_stop                     0x20004971   Thumb Code    30  app_proxr.o(.text)
    app_proxr_enable                         0x2000498f   Thumb Code    48  app_proxr.o(.text)
    app_proxr_alert_start                    0x200049bf   Thumb Code    44  app_proxr.o(.text)
    app_proxr_rd_tx_pwr                      0x200049eb   Thumb Code    30  app_proxr.o(.text)
    app_proxr_create_db_send                 0x20004a09   Thumb Code    24  app_proxr.o(.text)
    app_proxr_port_reinit                    0x20004a21   Thumb Code    30  app_proxr.o(.text)
    proxr_create_db_cfm_handler              0x20004a55   Thumb Code    38  app_proxr_task.o(.text)
    proxr_disable_ind_handler                0x20004a7b   Thumb Code    20  app_proxr_task.o(.text)
    llc_rd_tx_pw_lvl_cmp_evt_handler         0x20004a8f   Thumb Code    36  app_proxr_task.o(.text)
    proxr_alert_ind_handler                  0x20004ab3   Thumb Code    22  app_proxr_task.o(.text)
    app_proxr_timer_handler                  0x20004ac9   Thumb Code    50  app_proxr_task.o(.text)
    app_dis_init                             0x20004b09   Thumb Code     2  app_dis.o(.text)
    app_dis_create_db_send                   0x20004b0b   Thumb Code    26  app_dis.o(.text)
    app_dis_enable_prf                       0x20004b25   Thumb Code    32  app_dis.o(.text)
    diss_create_db_cfm_handler               0x20004b49   Thumb Code   248  app_dis_task.o(.text)
    diss_disable_ind_handler                 0x20004c41   Thumb Code     4  app_dis_task.o(.text)
    app_button_enable                        0x20004c75   Thumb Code    34  app_proxr_proj.o(.text)
    app_button_press_cb                      0x20004c97   Thumb Code    86  app_proxr_proj.o(.text)
    app_init_func                            0x20004ced   Thumb Code    34  app_proxr_proj.o(.text)
    app_sec_init_func                        0x20004d0f   Thumb Code     8  app_proxr_proj.o(.text)
    app_connection_func                      0x20004d17   Thumb Code   116  app_proxr_proj.o(.text)
    app_adv_func                             0x20004d8b   Thumb Code   224  app_proxr_proj.o(.text)
    app_disconnect_func                      0x20004e6b   Thumb Code    30  app_proxr_proj.o(.text)
    app_db_init_func                         0x20004e89   Thumb Code    68  app_proxr_proj.o(.text)
    app_update_params_rejected_func          0x20004ecd   Thumb Code     2  app_proxr_proj.o(.text)
    app_param_update_func                    0x20004ecf   Thumb Code     2  app_proxr_proj.o(.text)
    app_configuration_func                   0x20004ed1   Thumb Code    40  app_proxr_proj.o(.text)
    app_set_dev_config_complete_func         0x20004ef9   Thumb Code    24  app_proxr_proj.o(.text)
    app_update_params_complete_func          0x20004f11   Thumb Code     2  app_proxr_proj.o(.text)
    app_adv_undirect_complete                0x20004f13   Thumb Code    14  app_proxr_proj.o(.text)
    app_adv_direct_complete                  0x20004f21   Thumb Code     2  app_proxr_proj.o(.text)
    app_db_init_complete_func                0x20004f23   Thumb Code     8  app_proxr_proj.o(.text)
    app_scanning_completed_func              0x20004f2b   Thumb Code     2  app_proxr_proj.o(.text)
    app_connect_func                         0x20004f2d   Thumb Code     2  app_proxr_proj.o(.text)
    app_adv_report_ind_func                  0x20004f2f   Thumb Code     2  app_proxr_proj.o(.text)
    app_connect_failed_func                  0x20004f31   Thumb Code     2  app_proxr_proj.o(.text)
    app_send_pairing_rsp_func                0x20004f33   Thumb Code    48  app_proxr_proj.o(.text)
    app_send_tk_exch_func                    0x20004f63   Thumb Code    60  app_proxr_proj.o(.text)
    app_send_irk_exch_func                   0x20004f9f   Thumb Code     2  app_proxr_proj.o(.text)
    app_send_csrk_exch_func                  0x20004fa1   Thumb Code    58  app_proxr_proj.o(.text)
    app_send_ltk_exch_func                   0x20004fdb   Thumb Code    76  app_proxr_proj.o(.text)
    app_paired_func                          0x20005027   Thumb Code     2  app_proxr_proj.o(.text)
    app_validate_encrypt_req_func            0x20005029   Thumb Code     4  app_proxr_proj.o(.text)
    app_sec_encrypt_ind_func                 0x2000502d   Thumb Code     2  app_proxr_proj.o(.text)
    app_sec_encrypt_complete_func            0x2000502f   Thumb Code     2  app_proxr_proj.o(.text)
    app_mitm_passcode_entry_func             0x20005031   Thumb Code     2  app_proxr_proj.o(.text)
    app_adv_timer_handler                    0x20005033   Thumb Code   134  app_proxr_proj.o(.text)
    app_wakeup_handler                       0x200050b9   Thumb Code    20  app_proxr_proj.o(.text)
    app_spotar_init                          0x200050cd   Thumb Code    24  app_spotar.o(.text)
    app_spotar_reset                         0x200050e5   Thumb Code    12  app_spotar.o(.text)
    app_spotar_create_db                     0x200050f1   Thumb Code    24  app_spotar.o(.text)
    app_spotar_enable                        0x20005109   Thumb Code    36  app_spotar.o(.text)
    spotar_send_status_update_req            0x2000512d   Thumb Code    34  app_spotar.o(.text)
    app_spotar_stop                          0x2000514f   Thumb Code    30  app_spotar.o(.text)
    app_set_image_valid_flag                 0x2000516d   Thumb Code    50  app_spotar.o(.text)
    app_spotar_start                         0x2000519f   Thumb Code    34  app_spotar.o(.text)
    app_spotar_read_mem                      0x200051c1   Thumb Code   204  app_spotar.o(.text)
    spotar_send_mem_info_update_req          0x2000528d   Thumb Code    28  app_spotar.o(.text)
    app_spi_flash_init                       0x200052a9   Thumb Code    58  app_spotar.o(.text)
    app_spotar_spi_config                    0x200052e3   Thumb Code   356  app_spotar.o(.text)
    app_spotar_i2c_config                    0x20005447   Thumb Code   224  app_spotar.o(.text)
    app_spotar_pd_hdlr                       0x20005527   Thumb Code   286  app_spotar.o(.text)
    app_erase_flash_sectors                  0x20005645   Thumb Code    58  app_spotar.o(.text)
    app_get_image_id                         0x2000567f   Thumb Code    16  app_spotar.o(.text)
    app_find_old_img                         0x2000568f   Thumb Code    36  app_spotar.o(.text)
    app_read_ext_mem                         0x200056b3   Thumb Code    22  app_spotar.o(.text)
    app_read_image_headers                   0x200056c9   Thumb Code   546  app_spotar.o(.text)
    app_spotar_img_hdlr                      0x200058eb   Thumb Code   244  app_spotar.o(.text)
    app_spotar_exec_patch                    0x200059df   Thumb Code    34  app_spotar.o(.text)
    spotar_create_db_cfm_handler             0x20005a0d   Thumb Code    38  app_spotar_task.o(.text)
    spotar_patch_data_ind_handler            0x20005a33   Thumb Code   144  app_spotar_task.o(.text)
    spotar_patch_mem_dev_ind_handler         0x20005ac3   Thumb Code    26  app_spotar_task.o(.text)
    spotar_gpio_map_ind_handler              0x20005add   Thumb Code    58  app_spotar_task.o(.text)
    spotar_patch_len_ind_handler             0x20005b17   Thumb Code    74  app_spotar_task.o(.text)
    app_sample128_init                       0x20005b6d   Thumb Code     2  app_sample128.o(.text)
    app_sample128_create_db                  0x20005b6f   Thumb Code    24  app_sample128.o(.text)
    app_sample128_enable                     0x20005b87   Thumb Code    50  app_sample128.o(.text)
    app_sample128_start_leds                 0x20005bb9   Thumb Code    48  app_sample128.o(.text)
    sample128_create_db_cfm_handler          0x20005bf5   Thumb Code    28  app_sample128_task.o(.text)
    sample128_disable_ind_handler            0x20005c11   Thumb Code     4  app_sample128_task.o(.text)
    sample128_val_ind_handler                0x20005c15   Thumb Code    10  app_sample128_task.o(.text)
    __aeabi_fmul                             0x20005c1f   Thumb Code   122  fmul.o(.text)
    __aeabi_fdiv                             0x20005c99   Thumb Code   124  fdiv.o(.text)
    __ARM_scalbnf                            0x20005d15   Thumb Code    24  fscalb.o(.text)
    scalbnf                                  0x20005d15   Thumb Code     0  fscalb.o(.text)
    __aeabi_i2f                              0x20005d2d   Thumb Code    22  fflti.o(.text)
    __aeabi_ui2f                             0x20005d43   Thumb Code    14  ffltui.o(.text)
    __aeabi_f2uiz                            0x20005d51   Thumb Code    40  ffixui.o(.text)
    __aeabi_f2d                              0x20005d79   Thumb Code    40  f2d.o(.text)
    __aeabi_d2f                              0x20005da1   Thumb Code    56  d2f.o(.text)
    _float_round                             0x20005dd9   Thumb Code    16  fepilogue.o(.text)
    _float_epilogue                          0x20005de9   Thumb Code   114  fepilogue.o(.text)
    __scatterload                            0x20005e5d   Thumb Code    28  init.o(.text)
    __scatterload_rt2                        0x20005e5d   Thumb Code     0  init.o(.text)
    Long Thumb to Thumb Veneer to set_system_clocks 0x20005e81   Thumb Code    12  anon$$obj.o(Veneer$$Code)
    Long Thumb to Thumb Veneer to srand      0x20005e8d   Thumb Code    12  anon$$obj.o(Veneer$$Code)
    Long Thumb to Thumb Veneer to nvds_init  0x20005e99   Thumb Code    12  anon$$obj.o(Veneer$$Code)
    Long Thumb to Thumb Veneer to rwip_init  0x20005ea5   Thumb Code    12  anon$$obj.o(Veneer$$Code)
    Long Thumb to Thumb Veneer to enable_rf_diag_irq 0x20005eb1   Thumb Code    12  anon$$obj.o(Veneer$$Code)
    Long Thumb to Thumb Veneer to app_get_sleep_mode 0x20005ebd   Thumb Code    12  anon$$obj.o(Veneer$$Code)
    Long Thumb to Thumb Veneer to rwip_prevent_sleep_get 0x20005ec9   Thumb Code    12  anon$$obj.o(Veneer$$Code)
    Long Thumb to Thumb Veneer to ke_event_get 0x20005ed5   Thumb Code    12  anon$$obj.o(Veneer$$Code)
    Long Thumb to Thumb Veneer to rwip_schedule 0x20005ee1   Thumb Code    12  anon$$obj.o(Veneer$$Code)
    Long Thumb to Thumb Veneer to lld_sleep_check 0x20005eed   Thumb Code    12  anon$$obj.o(Veneer$$Code)
    Long Thumb to Thumb Veneer to func_check_mem 0x20005ef9   Thumb Code    12  anon$$obj.o(Veneer$$Code)
    Long Thumb to Thumb Veneer to test_rxdone 0x20005f05   Thumb Code    12  anon$$obj.o(Veneer$$Code)
    Long Thumb to Thumb Veneer to ke_mem_is_empty 0x20005f11   Thumb Code    12  anon$$obj.o(Veneer$$Code)
    Long Thumb to Thumb Veneer to __aeabi_uidivmod 0x20005f1d   Thumb Code    12  anon$$obj.o(Veneer$$Code)
    Long Thumb to Thumb Veneer to __aeabi_dmul 0x20005f29   Thumb Code    12  anon$$obj.o(Veneer$$Code)
    Long Thumb to Thumb Veneer to rwip_wakeup_delay_set 0x20005f35   Thumb Code    12  anon$$obj.o(Veneer$$Code)
    Long Thumb to Thumb Veneer to get_rc16m_count 0x20005f41   Thumb Code    12  anon$$obj.o(Veneer$$Code)
    Long Thumb to Thumb Veneer to pll_vcocal_LUT_InitUpdate 0x20005f4d   Thumb Code    12  anon$$obj.o(Veneer$$Code)
    Long Thumb to Thumb Veneer to rf_calibration 0x20005f59   Thumb Code    12  anon$$obj.o(Veneer$$Code)
    Long Thumb to Thumb Veneer to lld_sleep_us_2_lpcycles_func 0x20005f65   Thumb Code    12  anon$$obj.o(Veneer$$Code)
    Long Thumb to Thumb Veneer to lld_sleep_lpcycles_2_us_func 0x20005f71   Thumb Code    12  anon$$obj.o(Veneer$$Code)
    Long Thumb to Thumb Veneer to uart_flow_on 0x20005f7d   Thumb Code    12  anon$$obj.o(Veneer$$Code)
    Long Thumb to Thumb Veneer to __aeabi_memcpy 0x20005f89   Thumb Code    12  anon$$obj.o(Veneer$$Code)
    Long Thumb to Thumb Veneer to __aeabi_idivmod 0x20005f95   Thumb Code    12  anon$$obj.o(Veneer$$Code)
    Long Thumb to Thumb Veneer to co_list_pop_front 0x20005fa1   Thumb Code    12  anon$$obj.o(Veneer$$Code)
    Long Thumb to Thumb Veneer to ke_task_handler_get 0x20005fad   Thumb Code    12  anon$$obj.o(Veneer$$Code)
    Long Thumb to Thumb Veneer to ke_msg_free 0x20005fb9   Thumb Code    12  anon$$obj.o(Veneer$$Code)
    Long Thumb to Thumb Veneer to co_list_push_back 0x20005fc5   Thumb Code    12  anon$$obj.o(Veneer$$Code)
    Long Thumb to Thumb Veneer to ke_event_clear 0x20005fd1   Thumb Code    12  anon$$obj.o(Veneer$$Code)
    Long Thumb to Thumb Veneer to __aeabi_memclr4 0x20005fdd   Thumb Code    12  anon$$obj.o(Veneer$$Code)
    Long Thumb to Thumb Veneer to ke_event_callback_set 0x20005fe9   Thumb Code    12  anon$$obj.o(Veneer$$Code)
    Long Thumb to Thumb Veneer to lld_con_update_ind 0x20005ff5   Thumb Code    12  anon$$obj.o(Veneer$$Code)
    Long Thumb to Thumb Veneer to ke_state_set 0x20006001   Thumb Code    12  anon$$obj.o(Veneer$$Code)
    Long Thumb to Thumb Veneer to llc_util_dicon_procedure 0x2000600d   Thumb Code    12  anon$$obj.o(Veneer$$Code)
    Long Thumb to Thumb Veneer to lld_ch_map_ind 0x20006019   Thumb Code    12  anon$$obj.o(Veneer$$Code)
    Long Thumb to Thumb Veneer to ke_state_get 0x20006025   Thumb Code    12  anon$$obj.o(Veneer$$Code)
    Long Thumb to Thumb Veneer to __ARM_common_switch8 0x20006031   Thumb Code    12  anon$$obj.o(Veneer$$Code)
    Long Thumb to Thumb Veneer to ke_timer_clear 0x2000603d   Thumb Code    12  anon$$obj.o(Veneer$$Code)
    Long Thumb to Thumb Veneer to atts_send_cmd_cmp 0x20006049   Thumb Code    12  anon$$obj.o(Veneer$$Code)
    Long Thumb to Thumb Veneer to atts_mtu_exc_resp 0x20006055   Thumb Code    12  anon$$obj.o(Veneer$$Code)
    Long Thumb to Thumb Veneer to atts_find_info_resp 0x20006061   Thumb Code    12  anon$$obj.o(Veneer$$Code)
    Long Thumb to Thumb Veneer to atts_find_by_type_resp 0x2000606d   Thumb Code    12  anon$$obj.o(Veneer$$Code)
    Long Thumb to Thumb Veneer to atts_read_by_type_resp 0x20006079   Thumb Code    12  anon$$obj.o(Veneer$$Code)
    Long Thumb to Thumb Veneer to atts_read_by_grp_type_resp 0x20006085   Thumb Code    12  anon$$obj.o(Veneer$$Code)
    Long Thumb to Thumb Veneer to atts_read_resp 0x20006091   Thumb Code    12  anon$$obj.o(Veneer$$Code)
    Long Thumb to Thumb Veneer to atts_read_blob_resp 0x2000609d   Thumb Code    12  anon$$obj.o(Veneer$$Code)
    Long Thumb to Thumb Veneer to atts_read_mult_resp 0x200060a9   Thumb Code    12  anon$$obj.o(Veneer$$Code)
    Long Thumb to Thumb Veneer to atts_write_no_resp 0x200060b5   Thumb Code    12  anon$$obj.o(Veneer$$Code)
    Long Thumb to Thumb Veneer to atts_write_resp 0x200060c1   Thumb Code    12  anon$$obj.o(Veneer$$Code)
    Long Thumb to Thumb Veneer to atts_signed_write_resp 0x200060cd   Thumb Code    12  anon$$obj.o(Veneer$$Code)
    Long Thumb to Thumb Veneer to atts_prepare_write_resp 0x200060d9   Thumb Code    12  anon$$obj.o(Veneer$$Code)
    Long Thumb to Thumb Veneer to atts_execute_write_resp 0x200060e5   Thumb Code    12  anon$$obj.o(Veneer$$Code)
    Long Thumb to Thumb Veneer to ke_msg_alloc 0x200060f1   Thumb Code    12  anon$$obj.o(Veneer$$Code)
    Long Thumb to Thumb Veneer to gapc_get_enc_keysize 0x200060fd   Thumb Code    12  anon$$obj.o(Veneer$$Code)
    Long Thumb to Thumb Veneer to gapc_get_role 0x20006109   Thumb Code    12  anon$$obj.o(Veneer$$Code)
    Long Thumb to Thumb Veneer to ke_msg_send 0x20006115   Thumb Code    12  anon$$obj.o(Veneer$$Code)
    Long Thumb to Thumb Veneer to smpc_generate_rand 0x20006121   Thumb Code    12  anon$$obj.o(Veneer$$Code)
    Long Thumb to Thumb Veneer to smpc_tkdp_send_continue 0x2000612d   Thumb Code    12  anon$$obj.o(Veneer$$Code)
    Long Thumb to Thumb Veneer to smpc_pdu_send 0x20006139   Thumb Code    12  anon$$obj.o(Veneer$$Code)
    Long Thumb to Thumb Veneer to smpc_tkdp_rcp_start 0x20006145   Thumb Code    12  anon$$obj.o(Veneer$$Code)
    Long Thumb to Thumb Veneer to smpc_pairing_end 0x20006151   Thumb Code    12  anon$$obj.o(Veneer$$Code)
    Long Thumb to Thumb Veneer to smpc_check_max_key_size 0x2000615d   Thumb Code    12  anon$$obj.o(Veneer$$Code)
    Long Thumb to Thumb Veneer to smpc_check_key_distrib 0x20006169   Thumb Code    12  anon$$obj.o(Veneer$$Code)
    Long Thumb to Thumb Veneer to smpc_get_key_sec_prop 0x20006175   Thumb Code    12  anon$$obj.o(Veneer$$Code)
    Long Thumb to Thumb Veneer to smpc_is_sec_mode_reached 0x20006181   Thumb Code    12  anon$$obj.o(Veneer$$Code)
    Long Thumb to Thumb Veneer to gapm_get_privacy_flag 0x2000618d   Thumb Code    12  anon$$obj.o(Veneer$$Code)
    Long Thumb to Thumb Veneer to gapm_set_recon_addr 0x20006199   Thumb Code    12  anon$$obj.o(Veneer$$Code)
    Long Thumb to Thumb Veneer to memcmp     0x200061a5   Thumb Code    12  anon$$obj.o(Veneer$$Code)
    Long Thumb to Thumb Veneer to ke_sleep_check 0x200061b1   Thumb Code    12  anon$$obj.o(Veneer$$Code)
    Long Thumb to Thumb Veneer to ke_timer_sleep_check 0x200061bd   Thumb Code    12  anon$$obj.o(Veneer$$Code)
    Long Thumb to Thumb Veneer to gtl_enter_sleep 0x200061c9   Thumb Code    12  anon$$obj.o(Veneer$$Code)
    Long Thumb to Thumb Veneer to lld_sleep_enter 0x200061d5   Thumb Code    12  anon$$obj.o(Veneer$$Code)
    Long Thumb to Thumb Veneer to ble_regs_push 0x200061e1   Thumb Code    12  anon$$obj.o(Veneer$$Code)
    Long Thumb to Thumb Veneer to smpc_regs_push 0x200061ed   Thumb Code    12  anon$$obj.o(Veneer$$Code)
    Long Thumb to Thumb Veneer to ble_regs_pop 0x200061f9   Thumb Code    12  anon$$obj.o(Veneer$$Code)
    Long Thumb to Thumb Veneer to gtl_eif_init 0x20006205   Thumb Code    12  anon$$obj.o(Veneer$$Code)
    Long Thumb to Thumb Veneer to rwip_wakeup 0x20006211   Thumb Code    12  anon$$obj.o(Veneer$$Code)
    Long Thumb to Thumb Veneer to rf_workaround_init 0x2000621d   Thumb Code    12  anon$$obj.o(Veneer$$Code)
    Long Thumb to Thumb Veneer to rf_reinit  0x20006229   Thumb Code    12  anon$$obj.o(Veneer$$Code)
    Long Thumb to Thumb Veneer to lld_evt_rx_isr 0x20006235   Thumb Code    12  anon$$obj.o(Veneer$$Code)
    Long Thumb to Thumb Veneer to lld_evt_end_isr 0x20006241   Thumb Code    12  anon$$obj.o(Veneer$$Code)
    Long Thumb to Thumb Veneer to set_rf_cal_cap 0x2000624d   Thumb Code    12  anon$$obj.o(Veneer$$Code)
    Long Thumb to Thumb Veneer to set_gauss_modgain 0x20006259   Thumb Code    12  anon$$obj.o(Veneer$$Code)
    Long Thumb to Thumb Veneer to __aeabi_memclr 0x20006265   Thumb Code    12  anon$$obj.o(Veneer$$Code)
    Long Thumb to Thumb Veneer to ke_task_create 0x20006271   Thumb Code    12  anon$$obj.o(Veneer$$Code)
    Long Thumb to Thumb Veneer to gapc_get_conhdl 0x2000627d   Thumb Code    12  anon$$obj.o(Veneer$$Code)
    Long Thumb to Thumb Veneer to attmdb_att_get_value 0x20006289   Thumb Code    12  anon$$obj.o(Veneer$$Code)
    Long Thumb to Thumb Veneer to attm_svc_create_db 0x20006295   Thumb Code    12  anon$$obj.o(Veneer$$Code)
    Long Thumb to Thumb Veneer to attmdb_svc_set_permission 0x200062a1   Thumb Code    12  anon$$obj.o(Veneer$$Code)
    Long Thumb to Thumb Veneer to attmdb_att_partial_value_update 0x200062ad   Thumb Code    12  anon$$obj.o(Veneer$$Code)
    Long Thumb to Thumb Veneer to attmdb_att_set_permission 0x200062b9   Thumb Code    12  anon$$obj.o(Veneer$$Code)
    Long Thumb to Thumb Veneer to gapc_get_conidx 0x200062c5   Thumb Code    12  anon$$obj.o(Veneer$$Code)
    Long Thumb to Thumb Veneer to attmdb_att_set_value 0x200062d1   Thumb Code    12  anon$$obj.o(Veneer$$Code)
    Long Thumb to Thumb Veneer to atts_write_rsp_send 0x200062dd   Thumb Code    12  anon$$obj.o(Veneer$$Code)
    Long Thumb to Thumb Veneer to attm_uuid_match_16 0x200062e9   Thumb Code    12  anon$$obj.o(Veneer$$Code)
    Long Thumb to Thumb Veneer to ke_free    0x200062f5   Thumb Code    12  anon$$obj.o(Veneer$$Code)
    Long Thumb to Thumb Veneer to ke_msg_forward 0x20006301   Thumb Code    12  anon$$obj.o(Veneer$$Code)
    Long Thumb to Thumb Veneer to gapc_send_disconect_ind 0x2000630d   Thumb Code    12  anon$$obj.o(Veneer$$Code)
    Long Thumb to Thumb Veneer to ke_malloc  0x20006319   Thumb Code    12  anon$$obj.o(Veneer$$Code)
    Long Thumb to Thumb Veneer to attmdb_add_service 0x20006325   Thumb Code    12  anon$$obj.o(Veneer$$Code)
    Long Thumb to Thumb Veneer to attmdb_add_attribute 0x20006331   Thumb Code    12  anon$$obj.o(Veneer$$Code)
    Long Thumb to Thumb Veneer to nvds_get   0x2000633d   Thumb Code    12  anon$$obj.o(Veneer$$Code)
    Long Thumb to Thumb Veneer to ke_timer_set 0x20006349   Thumb Code    12  anon$$obj.o(Veneer$$Code)
    Long Thumb to Thumb Veneer to rand       0x20006355   Thumb Code    12  anon$$obj.o(Veneer$$Code)
    Long Thumb to Thumb Veneer to ke_msg_send_basic 0x20006361   Thumb Code    12  anon$$obj.o(Veneer$$Code)
    Long Thumb to Thumb Veneer to __aeabi_memcpy4 0x2000636d   Thumb Code    12  anon$$obj.o(Veneer$$Code)
    Long Thumb to Thumb Veneer to get_patching_spota_length 0x20006379   Thumb Code    12  anon$$obj.o(Veneer$$Code)
    Long Thumb to Thumb Veneer to platform_reset 0x20006385   Thumb Code    12  anon$$obj.o(Veneer$$Code)
    Long Thumb to Thumb Veneer to __aeabi_llsl 0x20006391   Thumb Code    12  anon$$obj.o(Veneer$$Code)
    Long Thumb to Thumb Veneer to __aeabi_memset 0x2000639d   Thumb Code    12  anon$$obj.o(Veneer$$Code)
    Long Thumb to Thumb Veneer to exec_patching_spota 0x200063a9   Thumb Code    12  anon$$obj.o(Veneer$$Code)
    GPIO_ConfigurePin                        0x200063b5   Thumb Code    78  gpio.o(i.GPIO_ConfigurePin)
    GPIO_GetPinStatus                        0x20006409   Thumb Code    64  gpio.o(i.GPIO_GetPinStatus)
    GPIO_SetActive                           0x20006451   Thumb Code    58  gpio.o(i.GPIO_SetActive)
    GPIO_SetInactive                         0x20006495   Thumb Code    58  gpio.o(i.GPIO_SetInactive)
    GPIO_SetPinFunction                      0x200064d9   Thumb Code    64  gpio.o(i.GPIO_SetPinFunction)
    GPIO_init                                0x20006521   Thumb Code   140  gpio.o(i.GPIO_init)
    __scatterload_copy                       0x200065b5   Thumb Code    14  handlers.o(i.__scatterload_copy)
    __scatterload_null                       0x200065c3   Thumb Code     2  handlers.o(i.__scatterload_null)
    __scatterload_zeroinit                   0x200065c5   Thumb Code    14  handlers.o(i.__scatterload_zeroinit)
    wkupct_register_callback                 0x200065d5   Thumb Code     6  wkupct_quadec.o(i.wkupct_register_callback)
    patch_table                              0x200065e0   Data          32  arch_main.o(.constdata)
    LUT_CFG                                  0x20006600   Data          22  arch_main.o(.constdata)
    bas_att_db                               0x20006620   Data          60  bass.o(.constdata)
    bas_svc                                  0x2000665c   Data           2  bass.o(.constdata)
    bas_batt_level_char                      0x2000665e   Data           5  bass.o(.constdata)
    bass_disabled                            0x20006674   Data           8  bass_task.o(.constdata)
    bass_idle                                0x2000667c   Data           8  bass_task.o(.constdata)
    bass_connected                           0x20006684   Data          24  bass_task.o(.constdata)
    bass_default_state                       0x2000669c   Data           8  bass_task.o(.constdata)
    bass_state_handler                       0x200066a4   Data          24  bass_task.o(.constdata)
    bass_default_handler                     0x200066bc   Data           8  bass_task.o(.constdata)
    diss_att_db                              0x200066c4   Data         228  diss.o(.constdata)
    diss_dis_svc                             0x200067a8   Data           2  diss.o(.constdata)
    diss_manufacturer_name_char              0x200067aa   Data           5  diss.o(.constdata)
    diss_model_nb_str_char                   0x200067af   Data           5  diss.o(.constdata)
    diss_serial_nb_str_char                  0x200067b4   Data           5  diss.o(.constdata)
    diss_hard_rev_str_char                   0x200067b9   Data           5  diss.o(.constdata)
    diss_firm_rev_str_char                   0x200067be   Data           5  diss.o(.constdata)
    diss_sw_rev_str_char                     0x200067c3   Data           5  diss.o(.constdata)
    diss_system_id_char                      0x200067c8   Data           5  diss.o(.constdata)
    diss_ieee_char                           0x200067cd   Data           5  diss.o(.constdata)
    diss_pnp_id_char                         0x200067d2   Data           5  diss.o(.constdata)
    diss_disabled                            0x200067e8   Data           8  diss_task.o(.constdata)
    diss_idle                                0x200067f0   Data          16  diss_task.o(.constdata)
    diss_default_state                       0x20006800   Data           8  diss_task.o(.constdata)
    diss_state_handler                       0x20006808   Data          24  diss_task.o(.constdata)
    diss_default_handler                     0x20006820   Data           8  diss_task.o(.constdata)
    proxr_lls_att_db                         0x20006828   Data          36  proxr.o(.constdata)
    proxr_ias_att_db                         0x2000684c   Data          36  proxr.o(.constdata)
    proxr_txps_att_db                        0x20006870   Data          36  proxr.o(.constdata)
    proxr_lls_svc                            0x20006894   Data           2  proxr.o(.constdata)
    proxr_lls_alert_lvl_char                 0x20006896   Data           5  proxr.o(.constdata)
    proxr_ias_svc                            0x2000689c   Data           2  proxr.o(.constdata)
    proxr_ias_alert_lvl_char                 0x2000689e   Data           5  proxr.o(.constdata)
    proxr_txps_svc                           0x200068a4   Data           2  proxr.o(.constdata)
    proxr_txps_tx_power_lvl_char             0x200068a6   Data           5  proxr.o(.constdata)
    proxr_disabled                           0x200068bc   Data           8  proxr_task.o(.constdata)
    proxr_idle                               0x200068c4   Data           8  proxr_task.o(.constdata)
    proxr_connected                          0x200068cc   Data           8  proxr_task.o(.constdata)
    proxr_default_state                      0x200068d4   Data           8  proxr_task.o(.constdata)
    proxr_state_handler                      0x200068dc   Data          24  proxr_task.o(.constdata)
    proxr_default_handler                    0x200068f4   Data           8  proxr_task.o(.constdata)
    findl_ias_char                           0x2000690c   Data           4  findl_task.o(.constdata)
    findl_connected                          0x20006910   Data           8  findl_task.o(.constdata)
    findl_discovering                        0x20006918   Data          16  findl_task.o(.constdata)
    findl_default_state                      0x20006928   Data          24  findl_task.o(.constdata)
    findl_state_handler                      0x20006940   Data          24  findl_task.o(.constdata)
    findl_default_handler                    0x20006958   Data           8  findl_task.o(.constdata)
    spotar_service                           0x20006960   Data           2  spotar.o(.constdata)
    spotar_patch_mem_dev_val                 0x20006962   Data          16  spotar.o(.constdata)
    spotar_gpio_map_val                      0x20006972   Data          16  spotar.o(.constdata)
    spotar_patch_mem_info_val                0x20006982   Data          16  spotar.o(.constdata)
    spotar_patch_len_val                     0x20006992   Data          16  spotar.o(.constdata)
    spotar_patch_data_val                    0x200069a2   Data          16  spotar.o(.constdata)
    spotar_patch_status_val                  0x200069b2   Data          16  spotar.o(.constdata)
    spotar_disabled                          0x200069d4   Data           8  spotar_task.o(.constdata)
    spotar_idle                              0x200069dc   Data           8  spotar_task.o(.constdata)
    spotar_active                            0x200069e4   Data          24  spotar_task.o(.constdata)
    spotar_default_state                     0x200069fc   Data           8  spotar_task.o(.constdata)
    spotar_state_handler                     0x20006a04   Data          24  spotar_task.o(.constdata)
    spotar_default_handler                   0x20006a1c   Data           8  spotar_task.o(.constdata)
    sample128_svc                            0x20006a24   Data          16  sample128.o(.constdata)
    sample128_1_val                          0x20006a34   Data          16  sample128.o(.constdata)
    sample128_2_val                          0x20006a44   Data          16  sample128.o(.constdata)
    sample128_disabled                       0x20006a64   Data           8  sample128_task.o(.constdata)
    sample128_idle                           0x20006a6c   Data           8  sample128_task.o(.constdata)
    sample128_connected                      0x20006a74   Data          16  sample128_task.o(.constdata)
    sample128_default_state                  0x20006a84   Data           8  sample128_task.o(.constdata)
    sample128_state_handler                  0x20006a8c   Data          24  sample128_task.o(.constdata)
    sample128_default_handler                0x20006aa4   Data           8  sample128_task.o(.constdata)
    app_default_state                        0x20006abc   Data         264  app_task.o(.constdata)
    app_default_handler                      0x20006bc4   Data           8  app_task.o(.constdata)
    Region$$Table$$Base                      0x20006bcc   Number         0  anon$$obj.o(Region$$Table)
    Region$$Table$$Limit                     0x20006c0c   Number         0  anon$$obj.o(Region$$Table)
    spotar_patch_mem_dev_char                0x20006c0c   Data          19  spotar.o(.data)
    spotar_gpio_map_char                     0x20006c1f   Data          19  spotar.o(.data)
    spotar_patch_mem_info_char               0x20006c32   Data          19  spotar.o(.data)
    spotar_patch_len_char                    0x20006c45   Data          19  spotar.o(.data)
    spotar_patch_data_char                   0x20006c58   Data          19  spotar.o(.data)
    spotar_patch_status_char                 0x20006c6b   Data          19  spotar.o(.data)
    sample128_1_char                         0x20006c7e   Data          19  sample128.o(.data)
    sample128_2_char                         0x20006c91   Data          19  sample128.o(.data)
    sample128_env                            0x20006ca4   Data          10  sample128.o(exchange_mem_case1)
    sample128_state                          0x20006cae   Data           1  sample128_task.o(exchange_mem_case1)
    spota_new_pd                             0x20006cb0   Data          80  app_spotar.o(spotar_patch_area)
    spota_all_pd                             0x20006d00   Data         256  app_spotar.o(spotar_patch_area)
    sys_startup_flag                         0x20008000   Data           1  arch_main.o(retention_mem_area0)
    sleep_md                                 0x20008001   Data           1  arch_sleep.o(retention_mem_area0)
    sleep_pend                               0x20008002   Data           1  arch_sleep.o(retention_mem_area0)
    sleep_cnt                                0x20008003   Data           1  arch_sleep.o(retention_mem_area0)
    sleep_ext_force                          0x20008004   Data           1  arch_sleep.o(retention_mem_area0)
    cal_enable                               0x20008008   Data           1  arch_system.o(retention_mem_area0)
    lp_clk_sel                               0x2000800c   Data           4  arch_system.o(retention_mem_area0)
    rcx_freq                                 0x20008010   Data           4  arch_system.o(retention_mem_area0)
    rcx_period                               0x20008014   Data           4  arch_system.o(retention_mem_area0)
    rcx_slot_duration                        0x20008018   Data           4  arch_system.o(retention_mem_area0)
    wkupct_quad_IRQ_status                   0x2000801c   Data           1  wkupct_quadec.o(retention_mem_area0)
    WKUPCT_callback                          0x20008020   Data           4  wkupct_quadec.o(retention_mem_area0)
    old_batt_level                           0x20008024   Data           1  battery.o(retention_mem_area0)
    dev_bdaddr                               0x20008025   Data           6  nvds.o(retention_mem_area0)
    rwble_last_event                         0x2000802b   Data           1  rwble.o(retention_mem_area0)
    bass_env                                 0x2000802c   Data          14  bass.o(retention_mem_area0)
    bass_state                               0x2000803a   Data           1  bass_task.o(retention_mem_area0)
    diss_env                                 0x2000803c   Data          18  diss.o(retention_mem_area0)
    diss_state                               0x2000804e   Data           1  diss_task.o(retention_mem_area0)
    proxr_env                                0x20008050   Data          12  proxr.o(retention_mem_area0)
    proxr_state                              0x2000805c   Data           1  proxr_task.o(retention_mem_area0)
    findl_envs                               0x20008060   Data           4  findl.o(retention_mem_area0)
    findl_state                              0x20008064   Data           6  findl_task.o(retention_mem_area0)
    spotar_env                               0x2000806a   Data           8  spotar.o(retention_mem_area0)
    spotar_state                             0x20008072   Data           1  spotar_task.o(retention_mem_area0)
    app_env                                  0x20008074   Data          12  app.o(retention_mem_area0)
    app_sec_env                              0x20008080   Data          36  app_sec.o(retention_mem_area0)
    app_state                                0x200080a4   Data           1  app_task.o(retention_mem_area0)
    cur_batt_level                           0x200080a6   Data           1  app_batt.o(retention_mem_area0)
    batt_alert_en                            0x200080a7   Data           1  app_batt.o(retention_mem_area0)
    bat_led_state                            0x200080a8   Data           1  app_batt.o(retention_mem_area0)
    bat_lvl_alert_used                       0x200080a9   Data           1  app_batt.o(retention_mem_area0)
    bat_led_port                             0x200080aa   Data           1  app_batt.o(retention_mem_area0)
    bat_led_pin                              0x200080ab   Data           1  app_batt.o(retention_mem_area0)
    bat_poll_timeout                         0x200080ac   Data           2  app_batt.o(retention_mem_area0)
    alert_state                              0x200080b0   Data          12  app_proxr.o(retention_mem_area0)
    spota_state                              0x200080bc   Data          36  app_spotar.o(retention_mem_area0)
    leds_state                               0x200080e0   Data           5  app_sample128.o(retention_mem_area0)
    rwip_heap_non_ret                        0x20008bf4   Data        1036  jump_table.o(heap_mem_area_not_ret)
    SystemCoreClock                          0x20009000   Data           0  rom_symdef.txt ABSOLUTE
    error                                    0x20009004   Data           0  rom_symdef.txt ABSOLUTE
    GPIO_status                              0x20009020   Data           8  gpio.o(.bss)
    GPIO                                     0x20009028   Data         160  gpio.o(.bss)
    dbg_adc                                  0x200090c8   Data           2  battery.o(.bss)
    spi_flash_size                           0x200090cc   Data           4  spi_flash.o(.bss)
    spi_flash_page_size                      0x200090d0   Data           4  spi_flash.o(.bss)
    spi_driver_cs_pad                        0x200090d4   Data           2  spi.o(.bss)
    __initial_sp                             0x20009800   Data           0  boot_vectors.o(STACK)



==============================================================================

Memory Map of the image

  Image Entry point : 0x20000441

  Load Region LR_IROM1 (Base: 0x20000000, Size: 0x000000a0, Max: 0x00000160, ABSOLUTE)

    Execution Region ER_IROM1 (Base: 0x20000000, Size: 0x000000a0, Max: 0x00000160, ABSOLUTE)

    Base Addr    Size         Type   Attr      Idx    E Section Name        Object

    0x20000000   0x000000a0   Data   RO           52    RESET               boot_vectors.o



  Load Region LR_IROM2 (Base: 0x20000160, Size: 0x00000160, Max: 0x00000160, ABSOLUTE)

    Execution Region ER_IROM2 (Base: 0x20000160, Size: 0x00000160, Max: 0x00000160, ABSOLUTE)

    Base Addr    Size         Type   Attr      Idx    E Section Name        Object

    0x20000160   0x00000160   Data   RO          392    jump_table_mem_area  jump_table.o



  Load Region LR_IROM3 (Base: 0x200002c0, Size: 0x00000064, Max: 0x00000080, ABSOLUTE)

    Execution Region ER_IROM3 (Base: 0x200002c0, Size: 0x00000064, Max: 0x00000080, ABSOLUTE)

    Base Addr    Size         Type   Attr      Idx    E Section Name        Object

    0x200002c0   0x00000064   Data   RO          893    timeout_table_area  gapm.o



  Load Region LR_IROM4 (Base: 0x20000340, Size: 0x000000a4, Max: 0x00000100, ABSOLUTE)

    Execution Region ER_IROM4 (Base: 0x20000340, Size: 0x000000a4, Max: 0x00000100, ABSOLUTE)

    Base Addr    Size         Type   Attr      Idx    E Section Name        Object

    0x20000340   0x000000a4   Data   RO         1113    nvds_data_storage_area  nvds.o



  Load Region LR_IROM5 (Base: 0x20000440, Size: 0x00006870, Max: 0x000093c0, ABSOLUTE)

    Execution Region ER_IROM5 (Base: 0x20000440, Size: 0x000069c0, Max: 0x00007ac0, ABSOLUTE)

    Base Addr    Size         Type   Attr      Idx    E Section Name        Object

    0x20000440   0x00000000   Code   RO         2329  * .ARM.Collect$$$$00000000  mc_p.l(entry.o)
    0x20000440   0x00000004   Code   RO         2346    .ARM.Collect$$$$00000001  mc_p.l(entry2.o)
    0x20000444   0x00000004   Code   RO         2349    .ARM.Collect$$$$00000004  mc_p.l(entry5.o)
    0x20000448   0x00000000   Code   RO         2351    .ARM.Collect$$$$00000008  mc_p.l(entry7b.o)
    0x20000448   0x00000000   Code   RO         2353    .ARM.Collect$$$$0000000A  mc_p.l(entry8b.o)
    0x20000448   0x00000008   Code   RO         2354    .ARM.Collect$$$$0000000B  mc_p.l(entry9a.o)
    0x20000450   0x00000000   Code   RO         2356    .ARM.Collect$$$$0000000D  mc_p.l(entry10a.o)
    0x20000450   0x00000000   Code   RO         2358    .ARM.Collect$$$$0000000F  mc_p.l(entry11a.o)
    0x20000450   0x00000004   Code   RO         2347    .ARM.Collect$$$$00002712  mc_p.l(entry2.o)
    0x20000454   0x00000054   Code   RO            2    .text               system_armcm0.o
    0x200004a8   0x0000006c   Code   RO           53    .text               boot_vectors.o
    0x20000514   0x0000005c   Code   RO           58    .text               hardfault_handler.o
    0x20000570   0x000003cc   Code   RO          111    .text               arch_main.o
    0x2000093c   0x00000002   Code   RO          387    .text               jump_table.o
    0x2000093e   0x00000002   PAD
    0x20000940   0x000000e0   Code   RO          455    .text               arch_sleep.o
    0x20000a20   0x0000008c   Code   RO          471    .text               nmi_handler.o
    0x20000aac   0x00000220   Code   RO          490    .text               periph_setup.o
    0x20000ccc   0x000002bc   Code   RO          656    .text               arch_system.o
    0x20000f88   0x00000324   Code   RO          697    .text               rf_580.o
    0x200012ac   0x00000104   Code   RO          771    .text               wkupct_quadec.o
    0x200013b0   0x00000130   Code   RO          799    .text               battery.o
    0x200014e0   0x00000060   Code   RO          822    .text               adc.o
    0x20001540   0x00000470   Code   RO          837    .text               spi_flash.o
    0x200019b0   0x00000148   Code   RO          856    .text               spi.o
    0x20001af8   0x00000278   Code   RO          872    .text               i2c_eeprom.o
    0x20001d70   0x000000b8   Code   RO          889    .text               ke_task.obj
    0x20001e28   0x000000c4   Code   RO          891    .text               ch_map.obj
    0x20001eec   0x000000ec   Code   RO          920    .text               atts_task.obj
    0x20001fd8   0x000000ec   Code   RO          924    .text               smpc.obj
    0x200020c4   0x0000020c   Code   RO          926    .text               smpc_task.obj
    0x200022d0   0x00000180   Code   RO          928    .text               gapm_util.obj
    0x20002450   0x00000278   Code   RO         1112    .text               nvds.o
    0x200026c8   0x00000180   Code   RO         1129    .text               rwip.o
    0x20002848   0x00000188   Code   RO         1148    .text               rwble.o
    0x200029d0   0x000000c0   Code   RO         1219    .text               bass.o
    0x20002a90   0x00000314   Code   RO         1249    .text               bass_task.o
    0x20002da4   0x000000a4   Code   RO         1326    .text               diss.o
    0x20002e48   0x000000fc   Code   RO         1363    .text               diss_task.o
    0x20002f44   0x000000a8   Code   RO         1497    .text               proxr.o
    0x20002fec   0x000001b4   Code   RO         1529    .text               proxr_task.o
    0x200031a0   0x000006e0   Code   RO         1580    .text               prf_utils.o
    0x20003880   0x0000009c   Code   RO         1791    .text               findl.o
    0x2000391c   0x000001b0   Code   RO         1814    .text               findl_task.o
    0x20003acc   0x0000007c   Code   RO         1895    .text               spotar.o
    0x20003b48   0x0000045c   Code   RO         1934    .text               spotar_task.o
    0x20003fa4   0x000000ac   Code   RO         1957    .text               sample128.o
    0x20004050   0x00000284   Code   RO         1985    .text               sample128_task.o
    0x200042d4   0x00000144   Code   RO         2016    .text               app.o
    0x20004418   0x000000b0   Code   RO         2043    .text               app_sec.o
    0x200044c8   0x00000124   Code   RO         2064    .text               app_sec_task.o
    0x200045ec   0x0000013c   Code   RO         2076    .text               app_task.o
    0x20004728   0x0000015c   Code   RO         2099    .text               app_batt.o
    0x20004884   0x00000098   Code   RO         2121    .text               app_batt_task.o
    0x2000491c   0x00000048   Code   RO         2134    .text               app_findme.o
    0x20004964   0x00000004   Code   RO         2156    .text               app_findme_task.o
    0x20004968   0x000000ec   Code   RO         2168    .text               app_proxr.o
    0x20004a54   0x000000b4   Code   RO         2190    .text               app_proxr_task.o
    0x20004b08   0x00000040   Code   RO         2212    .text               app_dis.o
    0x20004b48   0x0000012c   Code   RO         2230    .text               app_dis_task.o
    0x20004c74   0x00000458   Code   RO         2242    .text               app_proxr_proj.o
    0x200050cc   0x00000940   Code   RO         2261    .text               app_spotar.o
    0x20005a0c   0x00000160   Code   RO         2281    .text               app_spotar_task.o
    0x20005b6c   0x00000088   Code   RO         2296    .text               app_sample128.o
    0x20005bf4   0x0000002a   Code   RO         2314    .text               app_sample128_task.o
    0x20005c1e   0x0000007a   Code   RO         2330    .text               mf_p.l(fmul.o)
    0x20005c98   0x0000007c   Code   RO         2332    .text               mf_p.l(fdiv.o)
    0x20005d14   0x00000018   Code   RO         2334    .text               mf_p.l(fscalb.o)
    0x20005d2c   0x00000016   Code   RO         2336    .text               mf_p.l(fflti.o)
    0x20005d42   0x0000000e   Code   RO         2338    .text               mf_p.l(ffltui.o)
    0x20005d50   0x00000028   Code   RO         2340    .text               mf_p.l(ffixui.o)
    0x20005d78   0x00000028   Code   RO         2342    .text               mf_p.l(f2d.o)
    0x20005da0   0x00000038   Code   RO         2344    .text               mf_p.l(d2f.o)
    0x20005dd8   0x00000082   Code   RO         2360    .text               mf_p.l(fepilogue.o)
    0x20005e5a   0x00000002   PAD
    0x20005e5c   0x00000024   Code   RO         2362    .text               mc_p.l(init.o)
    0x20005e80   0x0000000c   Ven    RO         2372    Veneer$$Code        anon$$obj.o
    0x20005e8c   0x0000000c   Ven    RO         2373    Veneer$$Code        anon$$obj.o
    0x20005e98   0x0000000c   Ven    RO         2374    Veneer$$Code        anon$$obj.o
    0x20005ea4   0x0000000c   Ven    RO         2375    Veneer$$Code        anon$$obj.o
    0x20005eb0   0x0000000c   Ven    RO         2376    Veneer$$Code        anon$$obj.o
    0x20005ebc   0x0000000c   Ven    RO         2377    Veneer$$Code        anon$$obj.o
    0x20005ec8   0x0000000c   Ven    RO         2378    Veneer$$Code        anon$$obj.o
    0x20005ed4   0x0000000c   Ven    RO         2379    Veneer$$Code        anon$$obj.o
    0x20005ee0   0x0000000c   Ven    RO         2380    Veneer$$Code        anon$$obj.o
    0x20005eec   0x0000000c   Ven    RO         2381    Veneer$$Code        anon$$obj.o
    0x20005ef8   0x0000000c   Ven    RO         2382    Veneer$$Code        anon$$obj.o
    0x20005f04   0x0000000c   Ven    RO         2383    Veneer$$Code        anon$$obj.o
    0x20005f10   0x0000000c   Ven    RO         2384    Veneer$$Code        anon$$obj.o
    0x20005f1c   0x0000000c   Ven    RO         2385    Veneer$$Code        anon$$obj.o
    0x20005f28   0x0000000c   Ven    RO         2386    Veneer$$Code        anon$$obj.o
    0x20005f34   0x0000000c   Ven    RO         2387    Veneer$$Code        anon$$obj.o
    0x20005f40   0x0000000c   Ven    RO         2388    Veneer$$Code        anon$$obj.o
    0x20005f4c   0x0000000c   Ven    RO         2389    Veneer$$Code        anon$$obj.o
    0x20005f58   0x0000000c   Ven    RO         2390    Veneer$$Code        anon$$obj.o
    0x20005f64   0x0000000c   Ven    RO         2391    Veneer$$Code        anon$$obj.o
    0x20005f70   0x0000000c   Ven    RO         2392    Veneer$$Code        anon$$obj.o
    0x20005f7c   0x0000000c   Ven    RO         2393    Veneer$$Code        anon$$obj.o
    0x20005f88   0x0000000c   Ven    RO         2394    Veneer$$Code        anon$$obj.o
    0x20005f94   0x0000000c   Ven    RO         2395    Veneer$$Code        anon$$obj.o
    0x20005fa0   0x0000000c   Ven    RO         2396    Veneer$$Code        anon$$obj.o
    0x20005fac   0x0000000c   Ven    RO         2397    Veneer$$Code        anon$$obj.o
    0x20005fb8   0x0000000c   Ven    RO         2398    Veneer$$Code        anon$$obj.o
    0x20005fc4   0x0000000c   Ven    RO         2399    Veneer$$Code        anon$$obj.o
    0x20005fd0   0x0000000c   Ven    RO         2400    Veneer$$Code        anon$$obj.o
    0x20005fdc   0x0000000c   Ven    RO         2401    Veneer$$Code        anon$$obj.o
    0x20005fe8   0x0000000c   Ven    RO         2402    Veneer$$Code        anon$$obj.o
    0x20005ff4   0x0000000c   Ven    RO         2403    Veneer$$Code        anon$$obj.o
    0x20006000   0x0000000c   Ven    RO         2404    Veneer$$Code        anon$$obj.o
    0x2000600c   0x0000000c   Ven    RO         2405    Veneer$$Code        anon$$obj.o
    0x20006018   0x0000000c   Ven    RO         2406    Veneer$$Code        anon$$obj.o
    0x20006024   0x0000000c   Ven    RO         2407    Veneer$$Code        anon$$obj.o
    0x20006030   0x0000000c   Ven    RO         2408    Veneer$$Code        anon$$obj.o
    0x2000603c   0x0000000c   Ven    RO         2409    Veneer$$Code        anon$$obj.o
    0x20006048   0x0000000c   Ven    RO         2410    Veneer$$Code        anon$$obj.o
    0x20006054   0x0000000c   Ven    RO         2411    Veneer$$Code        anon$$obj.o
    0x20006060   0x0000000c   Ven    RO         2412    Veneer$$Code        anon$$obj.o
    0x2000606c   0x0000000c   Ven    RO         2413    Veneer$$Code        anon$$obj.o
    0x20006078   0x0000000c   Ven    RO         2414    Veneer$$Code        anon$$obj.o
    0x20006084   0x0000000c   Ven    RO         2415    Veneer$$Code        anon$$obj.o
    0x20006090   0x0000000c   Ven    RO         2416    Veneer$$Code        anon$$obj.o
    0x2000609c   0x0000000c   Ven    RO         2417    Veneer$$Code        anon$$obj.o
    0x200060a8   0x0000000c   Ven    RO         2418    Veneer$$Code        anon$$obj.o
    0x200060b4   0x0000000c   Ven    RO         2419    Veneer$$Code        anon$$obj.o
    0x200060c0   0x0000000c   Ven    RO         2420    Veneer$$Code        anon$$obj.o
    0x200060cc   0x0000000c   Ven    RO         2421    Veneer$$Code        anon$$obj.o
    0x200060d8   0x0000000c   Ven    RO         2422    Veneer$$Code        anon$$obj.o
    0x200060e4   0x0000000c   Ven    RO         2423    Veneer$$Code        anon$$obj.o
    0x200060f0   0x0000000c   Ven    RO         2424    Veneer$$Code        anon$$obj.o
    0x200060fc   0x0000000c   Ven    RO         2425    Veneer$$Code        anon$$obj.o
    0x20006108   0x0000000c   Ven    RO         2426    Veneer$$Code        anon$$obj.o
    0x20006114   0x0000000c   Ven    RO         2427    Veneer$$Code        anon$$obj.o
    0x20006120   0x0000000c   Ven    RO         2428    Veneer$$Code        anon$$obj.o
    0x2000612c   0x0000000c   Ven    RO         2429    Veneer$$Code        anon$$obj.o
    0x20006138   0x0000000c   Ven    RO         2430    Veneer$$Code        anon$$obj.o
    0x20006144   0x0000000c   Ven    RO         2431    Veneer$$Code        anon$$obj.o
    0x20006150   0x0000000c   Ven    RO         2432    Veneer$$Code        anon$$obj.o
    0x2000615c   0x0000000c   Ven    RO         2433    Veneer$$Code        anon$$obj.o
    0x20006168   0x0000000c   Ven    RO         2434    Veneer$$Code        anon$$obj.o
    0x20006174   0x0000000c   Ven    RO         2435    Veneer$$Code        anon$$obj.o
    0x20006180   0x0000000c   Ven    RO         2436    Veneer$$Code        anon$$obj.o
    0x2000618c   0x0000000c   Ven    RO         2437    Veneer$$Code        anon$$obj.o
    0x20006198   0x0000000c   Ven    RO         2438    Veneer$$Code        anon$$obj.o
    0x200061a4   0x0000000c   Ven    RO         2439    Veneer$$Code        anon$$obj.o
    0x200061b0   0x0000000c   Ven    RO         2440    Veneer$$Code        anon$$obj.o
    0x200061bc   0x0000000c   Ven    RO         2441    Veneer$$Code        anon$$obj.o
    0x200061c8   0x0000000c   Ven    RO         2442    Veneer$$Code        anon$$obj.o
    0x200061d4   0x0000000c   Ven    RO         2443    Veneer$$Code        anon$$obj.o
    0x200061e0   0x0000000c   Ven    RO         2444    Veneer$$Code        anon$$obj.o
    0x200061ec   0x0000000c   Ven    RO         2445    Veneer$$Code        anon$$obj.o
    0x200061f8   0x0000000c   Ven    RO         2446    Veneer$$Code        anon$$obj.o
    0x20006204   0x0000000c   Ven    RO         2447    Veneer$$Code        anon$$obj.o
    0x20006210   0x0000000c   Ven    RO         2448    Veneer$$Code        anon$$obj.o
    0x2000621c   0x0000000c   Ven    RO         2449    Veneer$$Code        anon$$obj.o
    0x20006228   0x0000000c   Ven    RO         2450    Veneer$$Code        anon$$obj.o
    0x20006234   0x0000000c   Ven    RO         2451    Veneer$$Code        anon$$obj.o
    0x20006240   0x0000000c   Ven    RO         2452    Veneer$$Code        anon$$obj.o
    0x2000624c   0x0000000c   Ven    RO         2453    Veneer$$Code        anon$$obj.o
    0x20006258   0x0000000c   Ven    RO         2454    Veneer$$Code        anon$$obj.o
    0x20006264   0x0000000c   Ven    RO         2455    Veneer$$Code        anon$$obj.o
    0x20006270   0x0000000c   Ven    RO         2456    Veneer$$Code        anon$$obj.o
    0x2000627c   0x0000000c   Ven    RO         2457    Veneer$$Code        anon$$obj.o
    0x20006288   0x0000000c   Ven    RO         2458    Veneer$$Code        anon$$obj.o
    0x20006294   0x0000000c   Ven    RO         2459    Veneer$$Code        anon$$obj.o
    0x200062a0   0x0000000c   Ven    RO         2460    Veneer$$Code        anon$$obj.o
    0x200062ac   0x0000000c   Ven    RO         2461    Veneer$$Code        anon$$obj.o
    0x200062b8   0x0000000c   Ven    RO         2462    Veneer$$Code        anon$$obj.o
    0x200062c4   0x0000000c   Ven    RO         2463    Veneer$$Code        anon$$obj.o
    0x200062d0   0x0000000c   Ven    RO         2464    Veneer$$Code        anon$$obj.o
    0x200062dc   0x0000000c   Ven    RO         2465    Veneer$$Code        anon$$obj.o
    0x200062e8   0x0000000c   Ven    RO         2466    Veneer$$Code        anon$$obj.o
    0x200062f4   0x0000000c   Ven    RO         2467    Veneer$$Code        anon$$obj.o
    0x20006300   0x0000000c   Ven    RO         2468    Veneer$$Code        anon$$obj.o
    0x2000630c   0x0000000c   Ven    RO         2469    Veneer$$Code        anon$$obj.o
    0x20006318   0x0000000c   Ven    RO         2470    Veneer$$Code        anon$$obj.o
    0x20006324   0x0000000c   Ven    RO         2471    Veneer$$Code        anon$$obj.o
    0x20006330   0x0000000c   Ven    RO         2472    Veneer$$Code        anon$$obj.o
    0x2000633c   0x0000000c   Ven    RO         2473    Veneer$$Code        anon$$obj.o
    0x20006348   0x0000000c   Ven    RO         2474    Veneer$$Code        anon$$obj.o
    0x20006354   0x0000000c   Ven    RO         2475    Veneer$$Code        anon$$obj.o
    0x20006360   0x0000000c   Ven    RO         2476    Veneer$$Code        anon$$obj.o
    0x2000636c   0x0000000c   Ven    RO         2477    Veneer$$Code        anon$$obj.o
    0x20006378   0x0000000c   Ven    RO         2478    Veneer$$Code        anon$$obj.o
    0x20006384   0x0000000c   Ven    RO         2479    Veneer$$Code        anon$$obj.o
    0x20006390   0x0000000c   Ven    RO         2480    Veneer$$Code        anon$$obj.o
    0x2000639c   0x0000000c   Ven    RO         2481    Veneer$$Code        anon$$obj.o
    0x200063a8   0x0000000c   Ven    RO         2482    Veneer$$Code        anon$$obj.o
    0x200063b4   0x00000054   Code   RO          753    i.GPIO_ConfigurePin  gpio.o
    0x20006408   0x00000048   Code   RO          759    i.GPIO_GetPinStatus  gpio.o
    0x20006450   0x00000044   Code   RO          747    i.GPIO_SetActive    gpio.o
    0x20006494   0x00000044   Code   RO          741    i.GPIO_SetInactive  gpio.o
    0x200064d8   0x00000048   Code   RO          735    i.GPIO_SetPinFunction  gpio.o
    0x20006520   0x00000094   Code   RO          729    i.GPIO_init         gpio.o
    0x200065b4   0x0000000e   Code   RO         2366    i.__scatterload_copy  mc_p.l(handlers.o)
    0x200065c2   0x00000002   Code   RO         2367    i.__scatterload_null  mc_p.l(handlers.o)
    0x200065c4   0x0000000e   Code   RO         2368    i.__scatterload_zeroinit  mc_p.l(handlers.o)
    0x200065d2   0x00000002   PAD
    0x200065d4   0x0000000c   Code   RO          783    i.wkupct_register_callback  wkupct_quadec.o
    0x200065e0   0x00000020   Data   RO          113    .constdata          arch_main.o
    0x20006600   0x00000016   Data   RO          114    .constdata          arch_main.o
    0x20006616   0x00000008   Data   RO          723    .constdata          gpio.o
    0x2000661e   0x00000002   PAD
    0x20006620   0x0000003c   Data   RO         1220    .constdata          bass.o
    0x2000665c   0x00000002   Data   RO         1221    .constdata          bass.o
    0x2000665e   0x00000005   Data   RO         1222    .constdata          bass.o
    0x20006663   0x00000001   PAD
    0x20006664   0x00000010   Data   RO         1223    .constdata          bass.o
    0x20006674   0x00000008   Data   RO         1250    .constdata          bass_task.o
    0x2000667c   0x00000008   Data   RO         1251    .constdata          bass_task.o
    0x20006684   0x00000018   Data   RO         1252    .constdata          bass_task.o
    0x2000669c   0x00000008   Data   RO         1253    .constdata          bass_task.o
    0x200066a4   0x00000018   Data   RO         1254    .constdata          bass_task.o
    0x200066bc   0x00000008   Data   RO         1255    .constdata          bass_task.o
    0x200066c4   0x000000e4   Data   RO         1327    .constdata          diss.o
    0x200067a8   0x00000002   Data   RO         1328    .constdata          diss.o
    0x200067aa   0x00000005   Data   RO         1329    .constdata          diss.o
    0x200067af   0x00000005   Data   RO         1330    .constdata          diss.o
    0x200067b4   0x00000005   Data   RO         1331    .constdata          diss.o
    0x200067b9   0x00000005   Data   RO         1332    .constdata          diss.o
    0x200067be   0x00000005   Data   RO         1333    .constdata          diss.o
    0x200067c3   0x00000005   Data   RO         1334    .constdata          diss.o
    0x200067c8   0x00000005   Data   RO         1335    .constdata          diss.o
    0x200067cd   0x00000005   Data   RO         1336    .constdata          diss.o
    0x200067d2   0x00000005   Data   RO         1337    .constdata          diss.o
    0x200067d7   0x00000001   PAD
    0x200067d8   0x00000010   Data   RO         1338    .constdata          diss.o
    0x200067e8   0x00000008   Data   RO         1364    .constdata          diss_task.o
    0x200067f0   0x00000010   Data   RO         1365    .constdata          diss_task.o
    0x20006800   0x00000008   Data   RO         1366    .constdata          diss_task.o
    0x20006808   0x00000018   Data   RO         1367    .constdata          diss_task.o
    0x20006820   0x00000008   Data   RO         1368    .constdata          diss_task.o
    0x20006828   0x00000024   Data   RO         1498    .constdata          proxr.o
    0x2000684c   0x00000024   Data   RO         1499    .constdata          proxr.o
    0x20006870   0x00000024   Data   RO         1500    .constdata          proxr.o
    0x20006894   0x00000002   Data   RO         1501    .constdata          proxr.o
    0x20006896   0x00000005   Data   RO         1502    .constdata          proxr.o
    0x2000689b   0x00000001   PAD
    0x2000689c   0x00000002   Data   RO         1503    .constdata          proxr.o
    0x2000689e   0x00000005   Data   RO         1504    .constdata          proxr.o
    0x200068a3   0x00000001   PAD
    0x200068a4   0x00000002   Data   RO         1505    .constdata          proxr.o
    0x200068a6   0x00000005   Data   RO         1506    .constdata          proxr.o
    0x200068ab   0x00000001   PAD
    0x200068ac   0x00000010   Data   RO         1507    .constdata          proxr.o
    0x200068bc   0x00000008   Data   RO         1530    .constdata          proxr_task.o
    0x200068c4   0x00000008   Data   RO         1531    .constdata          proxr_task.o
    0x200068cc   0x00000008   Data   RO         1532    .constdata          proxr_task.o
    0x200068d4   0x00000008   Data   RO         1533    .constdata          proxr_task.o
    0x200068dc   0x00000018   Data   RO         1534    .constdata          proxr_task.o
    0x200068f4   0x00000008   Data   RO         1535    .constdata          proxr_task.o
    0x200068fc   0x00000010   Data   RO         1792    .constdata          findl.o
    0x2000690c   0x00000004   Data   RO         1815    .constdata          findl_task.o
    0x20006910   0x00000008   Data   RO         1816    .constdata          findl_task.o
    0x20006918   0x00000010   Data   RO         1817    .constdata          findl_task.o
    0x20006928   0x00000018   Data   RO         1818    .constdata          findl_task.o
    0x20006940   0x00000018   Data   RO         1819    .constdata          findl_task.o
    0x20006958   0x00000008   Data   RO         1820    .constdata          findl_task.o
    0x20006960   0x00000002   Data   RO         1902    .constdata          spotar.o
    0x20006962   0x00000010   Data   RO         1903    .constdata          spotar.o
    0x20006972   0x00000010   Data   RO         1904    .constdata          spotar.o
    0x20006982   0x00000010   Data   RO         1905    .constdata          spotar.o
    0x20006992   0x00000010   Data   RO         1906    .constdata          spotar.o
    0x200069a2   0x00000010   Data   RO         1907    .constdata          spotar.o
    0x200069b2   0x00000010   Data   RO         1908    .constdata          spotar.o
    0x200069c2   0x00000002   PAD
    0x200069c4   0x00000010   Data   RO         1909    .constdata          spotar.o
    0x200069d4   0x00000008   Data   RO         1935    .constdata          spotar_task.o
    0x200069dc   0x00000008   Data   RO         1936    .constdata          spotar_task.o
    0x200069e4   0x00000018   Data   RO         1937    .constdata          spotar_task.o
    0x200069fc   0x00000008   Data   RO         1938    .constdata          spotar_task.o
    0x20006a04   0x00000018   Data   RO         1939    .constdata          spotar_task.o
    0x20006a1c   0x00000008   Data   RO         1940    .constdata          spotar_task.o
    0x20006a24   0x00000010   Data   RO         1958    .constdata          sample128.o
    0x20006a34   0x00000010   Data   RO         1959    .constdata          sample128.o
    0x20006a44   0x00000010   Data   RO         1960    .constdata          sample128.o
    0x20006a54   0x00000010   Data   RO         1961    .constdata          sample128.o
    0x20006a64   0x00000008   Data   RO         1986    .constdata          sample128_task.o
    0x20006a6c   0x00000008   Data   RO         1987    .constdata          sample128_task.o
    0x20006a74   0x00000010   Data   RO         1988    .constdata          sample128_task.o
    0x20006a84   0x00000008   Data   RO         1989    .constdata          sample128_task.o
    0x20006a8c   0x00000018   Data   RO         1990    .constdata          sample128_task.o
    0x20006aa4   0x00000008   Data   RO         1991    .constdata          sample128_task.o
    0x20006aac   0x00000010   Data   RO         2017    .constdata          app.o
    0x20006abc   0x00000108   Data   RO         2077    .constdata          app_task.o
    0x20006bc4   0x00000008   Data   RO         2078    .constdata          app_task.o
    0x20006bcc   0x00000040   Data   RO         2364    Region$$Table       anon$$obj.o
    0x20006c0c   0x00000013   Data   RW         1910    .data               spotar.o
    0x20006c1f   0x00000013   Data   RW         1911    .data               spotar.o
    0x20006c32   0x00000013   Data   RW         1912    .data               spotar.o
    0x20006c45   0x00000013   Data   RW         1913    .data               spotar.o
    0x20006c58   0x00000013   Data   RW         1914    .data               spotar.o
    0x20006c6b   0x00000013   Data   RW         1915    .data               spotar.o
    0x20006c7e   0x00000013   Data   RW         1962    .data               sample128.o
    0x20006c91   0x00000013   Data   RW         1963    .data               sample128.o
    0x20006ca4   0x0000000a   Data   RW         1964    exchange_mem_case1  sample128.o
    0x20006cae   0x00000001   Data   RW         1992    exchange_mem_case1  sample128_task.o
    0x20006caf   0x00000001   PAD
    0x20006cb0   0x00000150   Zero   RW         2263    spotar_patch_area   app_spotar.o


    Execution Region RW_IRAM50 (Base: 0x20008000, Size: 0x000000e8, Max: 0x00000bf4, ABSOLUTE)

    Base Addr    Size         Type   Attr      Idx    E Section Name        Object

    0x20008000   0x00000001   Zero   RW          115    retention_mem_area0  arch_main.o
    0x20008001   0x00000004   Zero   RW          456    retention_mem_area0  arch_sleep.o
    0x20008005   0x00000003   PAD
    0x20008008   0x00000014   Zero   RW          657    retention_mem_area0  arch_system.o
    0x2000801c   0x00000008   Zero   RW          772    retention_mem_area0  wkupct_quadec.o
    0x20008024   0x00000001   Zero   RW          801    retention_mem_area0  battery.o
    0x20008025   0x00000006   Zero   RW         1114    retention_mem_area0  nvds.o
    0x2000802b   0x00000001   Zero   RW         1149    retention_mem_area0  rwble.o
    0x2000802c   0x0000000e   Zero   RW         1224    retention_mem_area0  bass.o
    0x2000803a   0x00000001   Zero   RW         1256    retention_mem_area0  bass_task.o
    0x2000803b   0x00000001   PAD
    0x2000803c   0x00000012   Zero   RW         1339    retention_mem_area0  diss.o
    0x2000804e   0x00000001   Zero   RW         1369    retention_mem_area0  diss_task.o
    0x2000804f   0x00000001   PAD
    0x20008050   0x0000000c   Zero   RW         1508    retention_mem_area0  proxr.o
    0x2000805c   0x00000001   Zero   RW         1536    retention_mem_area0  proxr_task.o
    0x2000805d   0x00000003   PAD
    0x20008060   0x00000004   Zero   RW         1793    retention_mem_area0  findl.o
    0x20008064   0x00000006   Zero   RW         1821    retention_mem_area0  findl_task.o
    0x2000806a   0x00000008   Zero   RW         1916    retention_mem_area0  spotar.o
    0x20008072   0x00000001   Zero   RW         1941    retention_mem_area0  spotar_task.o
    0x20008073   0x00000001   PAD
    0x20008074   0x0000000c   Zero   RW         2018    retention_mem_area0  app.o
    0x20008080   0x00000024   Zero   RW         2044    retention_mem_area0  app_sec.o
    0x200080a4   0x00000001   Zero   RW         2079    retention_mem_area0  app_task.o
    0x200080a5   0x00000001   PAD
    0x200080a6   0x00000008   Zero   RW         2100    retention_mem_area0  app_batt.o
    0x200080ae   0x00000002   PAD
    0x200080b0   0x0000000c   Zero   RW         2169    retention_mem_area0  app_proxr.o
    0x200080bc   0x00000024   Zero   RW         2262    retention_mem_area0  app_spotar.o
    0x200080e0   0x00000005   Zero   RW         2297    retention_mem_area0  app_sample128.o


    Execution Region RW_IRAM51 (Base: 0x20008bf4, Size: 0x0000040c, Max: 0x0000040c, ABSOLUTE, UNINIT)

    Base Addr    Size         Type   Attr      Idx    E Section Name        Object

    0x20008bf4   0x0000040c   Zero   RW          390    heap_mem_area_not_ret  jump_table.o


    Execution Region RW_IRAM52 (Base: 0x20009000, Size: 0x00000020, Max: 0x00000020, ABSOLUTE)

    Base Addr    Size         Type   Attr      Idx    E Section Name        Object

    0x20009000   0x00000020   Zero   RW            1    RW_IRAM52.bss       anon$$obj.o


    Execution Region RW_IRAM53 (Base: 0x20009020, Size: 0x000000b8, Max: 0x000001e0, ABSOLUTE)

    Base Addr    Size         Type   Attr      Idx    E Section Name        Object

    0x20009020   0x000000a8   Zero   RW          722    .bss                gpio.o
    0x200090c8   0x00000002   Zero   RW          800    .bss                battery.o
    0x200090ca   0x00000002   PAD
    0x200090cc   0x00000008   Zero   RW          838    .bss                spi_flash.o
    0x200090d4   0x00000002   Zero   RW          857    .bss                spi.o
    0x200090d6   0x00000002   Zero   RW          873    .bss                i2c_eeprom.o


    Execution Region RW_IRAM54 (Base: 0x20009200, Size: 0x00000600, Max: 0x00000600, ABSOLUTE, UNINIT)

    Base Addr    Size         Type   Attr      Idx    E Section Name        Object

    0x20009200   0x00000600   Zero   RW           50    STACK               boot_vectors.o



  Load Region LR_RETENTION_RAM2 (Base: 0x00080768, Size: 0x00000000, Max: 0x00002968, ABSOLUTE)

    Execution Region ZI_RET20 (Base: 0x00080768, Size: 0x00000a8c, Max: 0x00002968, ABSOLUTE, UNINIT)

    Base Addr    Size         Type   Attr      Idx    E Section Name        Object

    0x00080768   0x0000040c   Zero   RW          388    heap_db_area        jump_table.o
    0x00080b74   0x00000154   Zero   RW          389    heap_env_area       jump_table.o
    0x00080cc8   0x0000052c   Zero   RW          391    heap_msg_area       jump_table.o


    Execution Region ZI_RET21 (Base: 0x000811f4, Size: 0x00001e0c, Max: 0xffffffff, ABSOLUTE)

    Base Addr    Size         Type   Attr      Idx    E Section Name        Object

    0x000811f4   0x0000182c   PAD
    0x00082a20   0x000005de   Zero   RW          112    .ARM.__AT_0x00082A20  arch_main.o


==============================================================================

Image component sizes


      Code (inc. data)   RO Data    RW Data    ZI Data      Debug   Object Name

        96         12          0          0          0        957   adc.o
       324         22         16          0         12       5024   app.o
       348         20          0          0          8       3348   app_batt.o
       152         26          0          0          0       2458   app_batt_task.o
        64          4          0          0          0       1405   app_dis.o
       300         48          0          0          0       1874   app_dis_task.o
        72         10          0          0          0       2486   app_findme.o
         4          0          0          0          0       1087   app_findme_task.o
       236         22          0          0         12       3368   app_proxr.o
      1112         96          0          0          0       6964   app_proxr_proj.o
       180         14          0          0          0       2357   app_proxr_task.o
       136         12          0          0          5       2716   app_sample128.o
        42          0          0          0          0       1766   app_sample128_task.o
       176         22          0          0         36       2919   app_sec.o
       292         28          0          0          0       2056   app_sec_task.o
      2368         60          0          0        372      10522   app_spotar.o
       352         12          0          0          0       2551   app_spotar_task.o
       316          8        272          0          1       5024   app_task.o
       972        144         54          0       1503     150111   arch_main.o
       224         18          0          0          4       2827   arch_sleep.o
       700         64          0          0         20      81679   arch_system.o
       236         18          0          0          0         72   atts_task.obj
       192         12         83          0         14       4597   bass.o
       788         16         80          0          1       6645   bass_task.o
       304         38          0          0          3       2009   battery.o
       108         22        160          0       1536        728   boot_vectors.o
       196         12          0          0          0        108   ch_map.obj
       164         14        291          0         18       5669   diss.o
       252         12         64          0          1       3680   diss_task.o
       156         14         16          0          4       3565   findl.o
       432         22         84          0          6       5106   findl_task.o
         0          0        100          0          0       1120   gapm.o
       384         38          0          0          0      57941   gapm_util.obj
       512         50          8          0        168       6017   gpio.o
        92          8          0          0          0      92986   hardfault_handler.o
       632          8          0          0          2       5710   i2c_eeprom.o
         2          0        352          0       3736       7413   jump_table.o
       184         18          0          0          0         96   ke_task.obj
       140         16          0          0          0       8417   nmi_handler.o
       632         30        164          0          6       2355   nvds.o
       544         14          0          0          0      26502   periph_setup.o
      1760         16          0          0          0      12695   prf_utils.o
       168         14        145          0         12       4551   proxr.o
       436         20         64          0          1       4094   proxr_task.o
       804        178          0          0          0      64676   rf_580.o
       392         40          0          0          1      63083   rwble.o
       384         46          0          0          0      62942   rwip.o
       172         12         64         48          0       4423   sample128.o
       644         40         72          1          0       6372   sample128_task.o
       236          8          0          0          0        136   smpc.obj
       524          6          0          0          0         84   smpc_task.obj
       328          8          0          0          2       2527   spi.o
      1136         18          0          0          8       9207   spi_flash.o
       124         14        114        114          8       5444   spotar.o
      1116         74         80          0          1       5710   spotar_task.o
        84         14          0          0          0     100081   system_armcm0.o
       272         26          0          0          8       9681   wkupct_quadec.o

    ----------------------------------------------------------------------
     24330       1982       2356        164      13748     889941   Object Totals
      1332        444         64          0         32          0   (incl. Generated)
         2          0          9          1       6207          0   (incl. Padding)

    ----------------------------------------------------------------------

      Code (inc. data)   RO Data    RW Data    ZI Data      Debug   Library Member Name

         0          0          0          0          0          0   entry.o
         0          0          0          0          0          0   entry10a.o
         0          0          0          0          0          0   entry11a.o
         8          4          0          0          0          0   entry2.o
         4          0          0          0          0          0   entry5.o
         0          0          0          0          0          0   entry7b.o
         0          0          0          0          0          0   entry8b.o
         8          4          0          0          0          0   entry9a.o
        30          0          0          0          0          0   handlers.o
        36          8          0          0          0         68   init.o
        56          0          0          0          0         68   d2f.o
        40          0          0          0          0         60   f2d.o
       124          0          0          0          0         72   fdiv.o
       130          0          0          0          0        144   fepilogue.o
        40          0          0          0          0         60   ffixui.o
        22          0          0          0          0         68   fflti.o
        14          0          0          0          0         68   ffltui.o
       122          0          0          0          0         72   fmul.o
        24          0          0          0          0         60   fscalb.o

    ----------------------------------------------------------------------
       662         16          0          0          0        740   Library Totals
         4          0          0          0          0          0   (incl. Padding)

    ----------------------------------------------------------------------

      Code (inc. data)   RO Data    RW Data    ZI Data      Debug   Library Name

        86         16          0          0          0         68   mc_p.l
       572          0          0          0          0        672   mf_p.l

    ----------------------------------------------------------------------
       662         16          0          0          0        740   Library Totals

    ----------------------------------------------------------------------

==============================================================================


      Code (inc. data)   RO Data    RW Data    ZI Data      Debug   

     24992       1998       2356        164      13748     886125   Grand Totals
     24992       1998       2356        164      13748     886125   ELF Image Totals
     24992       1998       2356        164          0          0   ROM Totals

==============================================================================

    Total RO  Size (Code + RO Data)                27348 (  26.71kB)
    Total RW  Size (RW Data + ZI Data)             13912 (  13.59kB)
    Total ROM Size (Code + RO Data + RW Data)      27512 (  26.87kB)

==============================================================================

